#!/bin/bash

sudo apt update

sudo apt install -y postgresql-common

sudo /usr/share/postgresql-common/pgdg/apt.postgresql.org.sh -y

cat /etc/apt/sources.list.d/pgdg.sources

sudo apt install -y postgresql-18

sudo systemctl enable postgresql

sudo systemctl start postgresql

ps aux | grep postgres

systemctl status postgresql

---

{
  "id": "6992e4f491b785ca63eb6abd",
  "createdAt": "2026-02-16T09:35:48.691Z",
  "updatedAt": "2026-02-16T09:53:23.643Z",
  "lastStateAt": "2026-02-16T09:35:51.076Z",
  "expiresIn": 1348957,
  "active": true,
  "running": true,
  "status": {
    "factoryId": "5652b64e",
    "stateEvents": [
      {
        "state": "CREATED",
        "at": "2026-02-16T09:35:49.273871463Z"
      },
      {
        "state": "WARMING_UP",
        "at": "2026-02-16T09:35:49.274015252Z"
      },
      {
        "state": "WARMED_UP",
        "at": "2026-02-16T09:35:50.030884262Z"
      },
      {
        "state": "STARTING",
        "at": "2026-02-16T09:35:50.031144639Z"
      },
      {
        "state": "RUNNING",
        "at": "2026-02-16T09:35:51.076911272Z"
      }
    ],
    "conditions": [
      {
        "name": "WarmedUp",
        "status": "True",
        "lastTransitionAt": "2026-02-16T09:35:50.031052527Z"
      },
      {
        "name": "DriveVolumesCreated",
        "status": "True",
        "lastTransitionAt": "2026-02-16T09:35:49.413925963Z"
      },
      {
        "name": "SandboxStarted",
        "status": "True",
        "lastTransitionAt": "2026-02-16T09:35:49.586335048Z"
      }
    ],
    "machines": [
      {
        "name": "ubuntu-01",
        "state": "RUNNING"
      }
    ]
  },
  "tasks": {
    "init_ubuntu_01_1": {
      "name": "init_ubuntu_01_1",
      "version": 3,
      "status": 40,
      "machine": "ubuntu-01",
      "init": true
    }
  },
  "playground": {
    "id": "6992b35c0ea5cd0654d21d58",
    "name": "postgresql-18-c5c0b0c9",
    "base": "ubuntu-24-04",
    "owner": "68cd02b2587c9dd5c6093fe2",
    "official": false,
    "title": "PostgreSQL 18.x.y Playground with Ubuntu 24.04 OS",
    "description": "PostgreSQL 18.x.y Playground with Ubuntu 24.04 OS",
    "contentVersion": 1771235454065
  },
  "playgroundTabs": [
    {
      "id": "ide-ubuntu-01",
      "name": "IDE",
      "kind": "ide",
      "machine": "ubuntu-01"
    },
    {
      "id": "terminal-ubuntu-01",
      "name": "Term",
      "kind": "terminal",
      "machine": "ubuntu-01"
    }
  ],
  "pageUrl": "https://labs.iximiuz.com/playgrounds/postgresql-18-c5c0b0c9/6992e4f491b785ca63eb6abd",
  "authorAccess": true,
  "fullEgress": true,
  "machines": [
    {
      "name": "ubuntu-01",
      "kernel": {
        "source": "6.1"
      },
      "drives": [
        {
          "source": "ubuntu-24-04",
          "mount": "/",
          "filesystem": "ext4",
          "size": "40GiB"
        }
      ],
      "network": {
        "interfaces": [
          {
            "name": "eth0",
            "address": "172.16.0.2",
            "network": "local"
          }
        ]
      },
      "users": [
        {
          "name": "root"
        },
        {
          "name": "laborant",
          "default": true
        }
      ],
      "resources": {
        "cpuCount": 2,
        "ramSize": "4GiB"
      }
    }
  ],
  "tabs": [
    {
      "id": "ide-ubuntu-01",
      "name": "IDE",
      "kind": "ide",
      "machine": "ubuntu-01",
      "number": 50061,
      "pane": "left",
      "active": false
    },
    {
      "id": "terminal-ubuntu-01",
      "name": "Term 1",
      "kind": "terminal",
      "machine": "ubuntu-01",
      "pane": "left",
      "active": true
    }
  ],
  "capabilities": {
    "canPersist": true
  }
}
---

last_duration: 26s686ms
last_run_at: '2026-02-16T09:35:52.674Z'
machine: ubuntu-01
run: |-
    #!/bin/bash

    sudo apt update

    sudo apt install -y postgresql-common

    sudo /usr/share/postgresql-common/pgdg/apt.postgresql.org.sh -y

    cat /etc/apt/sources.list.d/pgdg.sources

    sudo apt install -y postgresql-18

    sudo systemctl enable postgresql

    sudo systemctl start postgresql

    ps aux | grep postgres

    systemctl status postgresql
stderr:
    - ''
    - 'WARNING: apt does not have a stable CLI interface. Use with caution in scripts.'
    - ''
    - ''
    - 'WARNING: apt does not have a stable CLI interface. Use with caution in scripts.'
    - ''
    - 'debconf: delaying package configuration, since apt-utils is not installed'
    - ''
    - 'WARNING: apt does not have a stable CLI interface. Use with caution in scripts.'
    - ''
    - 'debconf: delaying package configuration, since apt-utils is not installed'
    - Synchronizing state of postgresql.service with SysV service script with /usr/lib/systemd/systemd-sysv-install.
    - 'Executing: /usr/lib/systemd/systemd-sysv-install enable postgresql'
stdout:
    - Hit:1 http://archive.ubuntu.com/ubuntu noble InRelease
    - Get:2 http://security.ubuntu.com/ubuntu noble-security InRelease [126 kB]
    - Get:3 http://archive.ubuntu.com/ubuntu noble-updates InRelease [126 kB]
    - Get:4 http://archive.ubuntu.com/ubuntu noble-backports InRelease [126 kB]
    - Get:5 http://security.ubuntu.com/ubuntu noble-security/main amd64 Packages [1824 kB]
    - Get:6 http://archive.ubuntu.com/ubuntu noble-updates/main amd64 Packages [2203 kB]
    - Get:7 http://archive.ubuntu.com/ubuntu noble-updates/restricted amd64 Packages [3295 kB]
    - Get:8 http://archive.ubuntu.com/ubuntu noble-updates/universe amd64 Packages [1979 kB]
    - Get:9 http://security.ubuntu.com/ubuntu noble-security/universe amd64 Packages [1200 kB]
    - Get:10 http://security.ubuntu.com/ubuntu noble-security/restricted amd64 Packages [3115 kB]
    - Fetched 14.0 MB in 4s (3873 kB/s)
    - Reading package lists...
    - Building dependency tree...
    - Reading state information...
    - 1 package can be upgraded. Run 'apt list --upgradable' to see it.
    - Reading package lists...
    - Building dependency tree...
    - Reading state information...
    - 'The following additional packages will be installed:'
    - '  libcommon-sense-perl libjson-perl libjson-xs-perl libpopt0'
    - '  libtypes-serialiser-perl logrotate postgresql-client-common ssl-cert'
    - 'Suggested packages:'
    - '  bsd-mailx | mailx'
    - 'The following NEW packages will be installed:'
    - '  libcommon-sense-perl libjson-perl libjson-xs-perl libpopt0'
    - '  libtypes-serialiser-perl logrotate postgresql-client-common'
    - '  postgresql-common ssl-cert'
    - 0 upgraded, 9 newly installed, 0 to remove and 1 not upgraded.
    - Need to get 494 kB of archives.
    - After this operation, 1665 kB of additional disk space will be used.
    - Get:1 http://archive.ubuntu.com/ubuntu noble/main amd64 libjson-perl all 4.10000-1 [81.9 kB]
    - Get:2 http://archive.ubuntu.com/ubuntu noble-updates/main amd64 postgresql-client-common all 257build1.1 [36.4 kB]
    - Get:3 http://archive.ubuntu.com/ubuntu noble/main amd64 ssl-cert all 1.1.2ubuntu1 [17.8 kB]
    - Get:4 http://archive.ubuntu.com/ubuntu noble-updates/main amd64 postgresql-common all 257build1.1 [161 kB]
    - Get:5 http://archive.ubuntu.com/ubuntu noble/main amd64 libpopt0 amd64 1.19+dfsg-1build1 [28.6 kB]
    - Get:6 http://archive.ubuntu.com/ubuntu noble/main amd64 logrotate amd64 3.21.0-2build1 [52.2 kB]
    - Get:7 http://archive.ubuntu.com/ubuntu noble/main amd64 libcommon-sense-perl amd64 3.75-3build3 [20.4 kB]
    - Get:8 http://archive.ubuntu.com/ubuntu noble/main amd64 libtypes-serialiser-perl all 1.01-1 [11.6 kB]
    - Get:9 http://archive.ubuntu.com/ubuntu noble-updates/main amd64 libjson-xs-perl amd64 4.040-0ubuntu0.24.04.1 [83.7 kB]
    - Fetched 494 kB in 2s (225 kB/s)
    - Selecting previously unselected package libjson-perl.
    - "(Reading database ... \r(Reading database ... 5%\r(Reading database ... 10%\r(Reading database ... 15%\r(Reading database ... 20%\r(Reading database ... 25%\r(Reading database ... 30%\r(Reading database ... 35%\r(Reading database ... 40%\r(Reading database ... 45%\r(Reading database ... 50%\r(Reading database ... 55%\r(Reading database ... 60%\r(Reading database ... 65%\r(Reading database ... 70%\r(Reading database ... 75%\r(Reading database ... 80%\r(Reading database ... 85%\r(Reading database ... 90%\r(Reading database ... 95%\r(Reading database ... 100%\r(Reading database ... 45891 files and directories currently installed.)"
    - Preparing to unpack .../0-libjson-perl_4.10000-1_all.deb ...
    - Unpacking libjson-perl (4.10000-1) ...
    - Selecting previously unselected package postgresql-client-common.
    - Preparing to unpack .../1-postgresql-client-common_257build1.1_all.deb ...
    - Unpacking postgresql-client-common (257build1.1) ...
    - Selecting previously unselected package ssl-cert.
    - Preparing to unpack .../2-ssl-cert_1.1.2ubuntu1_all.deb ...
    - Unpacking ssl-cert (1.1.2ubuntu1) ...
    - Selecting previously unselected package postgresql-common.
    - Preparing to unpack .../3-postgresql-common_257build1.1_all.deb ...
    - Adding 'diversion of /usr/bin/pg_config to /usr/bin/pg_config.libpq-dev by postgresql-common'
    - Unpacking postgresql-common (257build1.1) ...
    - Selecting previously unselected package libpopt0:amd64.
    - Preparing to unpack .../4-libpopt0_1.19+dfsg-1build1_amd64.deb ...
    - Unpacking libpopt0:amd64 (1.19+dfsg-1build1) ...
    - Selecting previously unselected package logrotate.
    - Preparing to unpack .../5-logrotate_3.21.0-2build1_amd64.deb ...
    - Unpacking logrotate (3.21.0-2build1) ...
    - Selecting previously unselected package libcommon-sense-perl:amd64.
    - Preparing to unpack .../6-libcommon-sense-perl_3.75-3build3_amd64.deb ...
    - Unpacking libcommon-sense-perl:amd64 (3.75-3build3) ...
    - Selecting previously unselected package libtypes-serialiser-perl.
    - Preparing to unpack .../7-libtypes-serialiser-perl_1.01-1_all.deb ...
    - Unpacking libtypes-serialiser-perl (1.01-1) ...
    - Selecting previously unselected package libjson-xs-perl.
    - Preparing to unpack .../8-libjson-xs-perl_4.040-0ubuntu0.24.04.1_amd64.deb ...
    - Unpacking libjson-xs-perl (4.040-0ubuntu0.24.04.1) ...
    - Setting up postgresql-client-common (257build1.1) ...
    - Setting up libcommon-sense-perl:amd64 (3.75-3build3) ...
    - Setting up ssl-cert (1.1.2ubuntu1) ...
    - 'debconf: unable to initialize frontend: Dialog'
    - 'debconf: (Dialog frontend will not work on a dumb terminal, an emacs shell buffer, or without a controlling terminal.)'
    - 'debconf: falling back to frontend: Readline'
    - 'debconf: unable to initialize frontend: Readline'
    - 'debconf: (This frontend requires a controlling tty.)'
    - 'debconf: falling back to frontend: Teletype'
    - "Created symlink /etc/systemd/system/multi-user.target.wants/ssl-cert.service → /usr/lib/systemd/system/ssl-cert.service.\r"
    - /usr/sbin/policy-rc.d returned 101, not running 'start ssl-cert.service'
    - Setting up libtypes-serialiser-perl (1.01-1) ...
    - Setting up libjson-perl (4.10000-1) ...
    - Setting up libpopt0:amd64 (1.19+dfsg-1build1) ...
    - Setting up logrotate (3.21.0-2build1) ...
    - "Created symlink /etc/systemd/system/timers.target.wants/logrotate.timer → /usr/lib/systemd/system/logrotate.timer.\r"
    - /usr/sbin/policy-rc.d returned 101, not running 'start logrotate.service logrotate.timer'
    - Setting up libjson-xs-perl (4.040-0ubuntu0.24.04.1) ...
    - Setting up postgresql-common (257build1.1) ...
    - 'debconf: unable to initialize frontend: Dialog'
    - 'debconf: (Dialog frontend will not work on a dumb terminal, an emacs shell buffer, or without a controlling terminal.)'
    - 'debconf: falling back to frontend: Readline'
    - 'debconf: unable to initialize frontend: Readline'
    - 'debconf: (This frontend requires a controlling tty.)'
    - 'debconf: falling back to frontend: Teletype'
    - ''
    - Creating config file /etc/postgresql-common/createcluster.conf with new version
    - Building PostgreSQL dictionaries from installed myspell/hunspell packages...
    - 'Removing obsolete dictionary files:'
    - 'invoke-rc.d: policy-rc.d denied execution of start.'
    - "Created symlink /etc/systemd/system/multi-user.target.wants/postgresql.service → /usr/lib/systemd/system/postgresql.service.\r"
    - /usr/sbin/policy-rc.d returned 101, not running 'start postgresql.service'
    - Processing triggers for man-db (2.12.0-4build2) ...
    - Processing triggers for libc-bin (2.39-0ubuntu8.7) ...
    - This script will enable the PostgreSQL APT repository on apt.postgresql.org on
    - your system. The distribution codename used will be noble-pgdg.
    - ''
    - Using keyring /usr/share/postgresql-common/pgdg/apt.postgresql.org.gpg
    - Writing /etc/apt/sources.list.d/pgdg.sources ...
    - ''
    - Running apt-get update ...
    - Hit:1 http://archive.ubuntu.com/ubuntu noble InRelease
    - Hit:2 http://security.ubuntu.com/ubuntu noble-security InRelease
    - Hit:3 http://archive.ubuntu.com/ubuntu noble-updates InRelease
    - Get:4 https://apt.postgresql.org/pub/repos/apt noble-pgdg InRelease [107 kB]
    - Hit:5 http://archive.ubuntu.com/ubuntu noble-backports InRelease
    - Get:6 https://apt.postgresql.org/pub/repos/apt noble-pgdg/main amd64 Packages [583 kB]
    - Fetched 690 kB in 1s (821 kB/s)
    - Reading package lists...
    - ''
    - You can now start installing packages from apt.postgresql.org.
    - ''
    - Have a look at https://wiki.postgresql.org/wiki/Apt for more information;
    - most notably the FAQ at https://wiki.postgresql.org/wiki/Apt/FAQ
    - 'Types: deb'
    - 'URIs: https://apt.postgresql.org/pub/repos/apt'
    - 'Suites: noble-pgdg'
    - 'Components: main'
    - 'Signed-By: /usr/share/postgresql-common/pgdg/apt.postgresql.org.gpg'
    - Reading package lists...
    - Building dependency tree...
    - Reading state information...
    - 'The following additional packages will be installed:'
    - '  libllvm19 libnuma1 libpq5 libsensors-config libsensors5 liburing2 libxslt1.1'
    - '  postgresql-18-jit postgresql-client-18 postgresql-client-common'
    - '  postgresql-common sysstat xz-utils'
    - 'Suggested packages:'
    - '  libpq-oauth lm-sensors postgresql-doc-18 isag'
    - 'The following NEW packages will be installed:'
    - '  libllvm19 libnuma1 libpq5 libsensors-config libsensors5 liburing2 libxslt1.1'
    - '  postgresql-18 postgresql-18-jit postgresql-client-18 sysstat xz-utils'
    - 'The following packages will be upgraded:'
    - '  postgresql-client-common postgresql-common'
    - 2 upgraded, 12 newly installed, 0 to remove and 1 not upgraded.
    - Need to get 49.6 MB of archives.
    - After this operation, 205 MB of additional disk space will be used.
    - Get:1 https://apt.postgresql.org/pub/repos/apt noble-pgdg/main amd64 postgresql-common all 289.pgdg24.04+1 [113 kB]
    - Get:2 https://apt.postgresql.org/pub/repos/apt noble-pgdg/main amd64 postgresql-client-common all 289.pgdg24.04+1 [48.1 kB]
    - Get:3 https://apt.postgresql.org/pub/repos/apt noble-pgdg/main amd64 libpq5 amd64 18.2-1.pgdg24.04+1 [253 kB]
    - Get:4 https://apt.postgresql.org/pub/repos/apt noble-pgdg/main amd64 postgresql-client-18 amd64 18.2-1.pgdg24.04+1 [2088 kB]
    - Get:5 https://apt.postgresql.org/pub/repos/apt noble-pgdg/main amd64 postgresql-18 amd64 18.2-1.pgdg24.04+1 [7527 kB]
    - Get:6 https://apt.postgresql.org/pub/repos/apt noble-pgdg/main amd64 postgresql-18-jit amd64 18.2-1.pgdg24.04+1 [9878 kB]
    - Get:7 http://archive.ubuntu.com/ubuntu noble-updates/main amd64 libnuma1 amd64 2.0.18-1ubuntu0.24.04.1 [23.4 kB]
    - Get:8 http://archive.ubuntu.com/ubuntu noble/main amd64 libsensors-config all 1:3.6.0-9build1 [5546 B]
    - Get:9 http://archive.ubuntu.com/ubuntu noble/main amd64 libsensors5 amd64 1:3.6.0-9build1 [26.6 kB]
    - Get:10 http://archive.ubuntu.com/ubuntu noble-updates/main amd64 xz-utils amd64 5.6.1+really5.4.5-1ubuntu0.2 [267 kB]
    - Get:11 http://archive.ubuntu.com/ubuntu noble/main amd64 sysstat amd64 12.6.1-2 [489 kB]
    - Get:12 http://archive.ubuntu.com/ubuntu noble-updates/main amd64 libllvm19 amd64 1:19.1.1-1ubuntu1~24.04.2 [28.7 MB]
    - Get:13 http://archive.ubuntu.com/ubuntu noble/main amd64 liburing2 amd64 2.5-1build1 [21.1 kB]
    - Get:14 http://archive.ubuntu.com/ubuntu noble-updates/main amd64 libxslt1.1 amd64 1.1.39-0exp1ubuntu0.24.04.3 [168 kB]
    - Fetched 49.6 MB in 5s (9197 kB/s)
    - "(Reading database ... \r(Reading database ... 5%\r(Reading database ... 10%\r(Reading database ... 15%\r(Reading database ... 20%\r(Reading database ... 25%\r(Reading database ... 30%\r(Reading database ... 35%\r(Reading database ... 40%\r(Reading database ... 45%\r(Reading database ... 50%\r(Reading database ... 55%\r(Reading database ... 60%\r(Reading database ... 65%\r(Reading database ... 70%\r(Reading database ... 75%\r(Reading database ... 80%\r(Reading database ... 85%\r(Reading database ... 90%\r(Reading database ... 95%\r(Reading database ... 100%\r(Reading database ... 46147 files and directories currently installed.)"
    - Preparing to unpack .../00-postgresql-common_289.pgdg24.04+1_all.deb ...
    - Leaving 'diversion of /usr/bin/pg_config to /usr/bin/pg_config.libpq-dev by postgresql-common'
    - Unpacking postgresql-common (289.pgdg24.04+1) over (257build1.1) ...
    - Preparing to unpack .../01-postgresql-client-common_289.pgdg24.04+1_all.deb ...
    - Unpacking postgresql-client-common (289.pgdg24.04+1) over (257build1.1) ...
    - Selecting previously unselected package libnuma1:amd64.
    - Preparing to unpack .../02-libnuma1_2.0.18-1ubuntu0.24.04.1_amd64.deb ...
    - Unpacking libnuma1:amd64 (2.0.18-1ubuntu0.24.04.1) ...
    - Selecting previously unselected package libsensors-config.
    - Preparing to unpack .../03-libsensors-config_1%3a3.6.0-9build1_all.deb ...
    - Unpacking libsensors-config (1:3.6.0-9build1) ...
    - Selecting previously unselected package libsensors5:amd64.
    - Preparing to unpack .../04-libsensors5_1%3a3.6.0-9build1_amd64.deb ...
    - Unpacking libsensors5:amd64 (1:3.6.0-9build1) ...
    - Selecting previously unselected package xz-utils.
    - Preparing to unpack .../05-xz-utils_5.6.1+really5.4.5-1ubuntu0.2_amd64.deb ...
    - Unpacking xz-utils (5.6.1+really5.4.5-1ubuntu0.2) ...
    - Selecting previously unselected package sysstat.
    - Preparing to unpack .../06-sysstat_12.6.1-2_amd64.deb ...
    - Unpacking sysstat (12.6.1-2) ...
    - Selecting previously unselected package libllvm19:amd64.
    - Preparing to unpack .../07-libllvm19_1%3a19.1.1-1ubuntu1~24.04.2_amd64.deb ...
    - Unpacking libllvm19:amd64 (1:19.1.1-1ubuntu1~24.04.2) ...
    - Selecting previously unselected package libpq5:amd64.
    - Preparing to unpack .../08-libpq5_18.2-1.pgdg24.04+1_amd64.deb ...
    - Unpacking libpq5:amd64 (18.2-1.pgdg24.04+1) ...
    - Selecting previously unselected package liburing2:amd64.
    - Preparing to unpack .../09-liburing2_2.5-1build1_amd64.deb ...
    - Unpacking liburing2:amd64 (2.5-1build1) ...
    - Selecting previously unselected package libxslt1.1:amd64.
    - Preparing to unpack .../10-libxslt1.1_1.1.39-0exp1ubuntu0.24.04.3_amd64.deb ...
    - Unpacking libxslt1.1:amd64 (1.1.39-0exp1ubuntu0.24.04.3) ...
    - Selecting previously unselected package postgresql-client-18.
    - Preparing to unpack .../11-postgresql-client-18_18.2-1.pgdg24.04+1_amd64.deb ...
    - Unpacking postgresql-client-18 (18.2-1.pgdg24.04+1) ...
    - Selecting previously unselected package postgresql-18.
    - Preparing to unpack .../12-postgresql-18_18.2-1.pgdg24.04+1_amd64.deb ...
    - Unpacking postgresql-18 (18.2-1.pgdg24.04+1) ...
    - Selecting previously unselected package postgresql-18-jit.
    - Preparing to unpack .../13-postgresql-18-jit_18.2-1.pgdg24.04+1_amd64.deb ...
    - Unpacking postgresql-18-jit (18.2-1.pgdg24.04+1) ...
    - Setting up postgresql-client-common (289.pgdg24.04+1) ...
    - Removing obsolete conffile /etc/postgresql-common/supported_versions ...
    - Setting up libllvm19:amd64 (1:19.1.1-1ubuntu1~24.04.2) ...
    - Setting up libsensors-config (1:3.6.0-9build1) ...
    - Setting up libpq5:amd64 (18.2-1.pgdg24.04+1) ...
    - Setting up xz-utils (5.6.1+really5.4.5-1ubuntu0.2) ...
    - 'update-alternatives: using /usr/bin/xz to provide /usr/bin/lzma (lzma) in auto mode'
    - Setting up postgresql-common (289.pgdg24.04+1) ...
    - Installing new version of config file /etc/postgresql-common/pg_upgradecluster.d/analyze ...
    - 'debconf: unable to initialize frontend: Dialog'
    - 'debconf: (Dialog frontend will not work on a dumb terminal, an emacs shell buffer, or without a controlling terminal.)'
    - 'debconf: falling back to frontend: Readline'
    - 'debconf: unable to initialize frontend: Readline'
    - 'debconf: (This frontend requires a controlling tty.)'
    - 'debconf: falling back to frontend: Teletype'
    - Replacing config file /etc/postgresql-common/createcluster.conf with new version
    - 'invoke-rc.d: policy-rc.d denied execution of start.'
    - /usr/sbin/policy-rc.d returned 101, not running 'start postgresql.service'
    - Setting up libsensors5:amd64 (1:3.6.0-9build1) ...
    - Setting up libnuma1:amd64 (2.0.18-1ubuntu0.24.04.1) ...
    - Setting up libxslt1.1:amd64 (1.1.39-0exp1ubuntu0.24.04.3) ...
    - Setting up liburing2:amd64 (2.5-1build1) ...
    - Setting up sysstat (12.6.1-2) ...
    - 'debconf: unable to initialize frontend: Dialog'
    - 'debconf: (Dialog frontend will not work on a dumb terminal, an emacs shell buffer, or without a controlling terminal.)'
    - 'debconf: falling back to frontend: Readline'
    - 'debconf: unable to initialize frontend: Readline'
    - 'debconf: (This frontend requires a controlling tty.)'
    - 'debconf: falling back to frontend: Teletype'
    - ''
    - Creating config file /etc/default/sysstat with new version
    - 'update-alternatives: using /usr/bin/sar.sysstat to provide /usr/bin/sar (sar) in auto mode'
    - "Created symlink /etc/systemd/system/sysstat.service.wants/sysstat-collect.timer → /usr/lib/systemd/system/sysstat-collect.timer.\r"
    - "Created symlink /etc/systemd/system/sysstat.service.wants/sysstat-summary.timer → /usr/lib/systemd/system/sysstat-summary.timer.\r"
    - "Created symlink /etc/systemd/system/multi-user.target.wants/sysstat.service → /usr/lib/systemd/system/sysstat.service.\r"
    - Setting up postgresql-client-18 (18.2-1.pgdg24.04+1) ...
    - 'update-alternatives: using /usr/share/postgresql/18/man/man1/psql.1.gz to provide /usr/share/man/man1/psql.1.gz (psql.1.gz) in auto mode'
    - Setting up postgresql-18 (18.2-1.pgdg24.04+1) ...
    - 'debconf: unable to initialize frontend: Dialog'
    - 'debconf: (Dialog frontend will not work on a dumb terminal, an emacs shell buffer, or without a controlling terminal.)'
    - 'debconf: falling back to frontend: Readline'
    - 'debconf: unable to initialize frontend: Readline'
    - 'debconf: (This frontend requires a controlling tty.)'
    - 'debconf: falling back to frontend: Teletype'
    - Creating new PostgreSQL cluster 18/main ...
    - /usr/lib/postgresql/18/bin/initdb -D /var/lib/postgresql/18/main --auth-local peer --auth-host scram-sha-256 --no-instructions
    - The files belonging to this database system will be owned by user "postgres".
    - This user must also own the server process.
    - ''
    - The database cluster will be initialized with locale "C.UTF-8".
    - The default database encoding has accordingly been set to "UTF8".
    - The default text search configuration will be set to "english".
    - ''
    - Data page checksums are enabled.
    - ''
    - fixing permissions on existing directory /var/lib/postgresql/18/main ... ok
    - creating subdirectories ... ok
    - selecting dynamic shared memory implementation ... posix
    - selecting default "max_connections" ... 100
    - selecting default "shared_buffers" ... 128MB
    - selecting default time zone ... Etc/UTC
    - creating configuration files ... ok
    - running bootstrap script ... ok
    - performing post-bootstrap initialization ... ok
    - syncing data to disk ... ok
    - 'invoke-rc.d: policy-rc.d denied execution of start.'
    - Setting up postgresql-18-jit (18.2-1.pgdg24.04+1) ...
    - Processing triggers for libc-bin (2.39-0ubuntu8.7) ...
    - Processing triggers for man-db (2.12.0-4build2) ...
    - postgres    4143  0.4  0.8 228628 34564 ?        Ss   09:36   0:00 /usr/lib/postgresql/18/bin/postgres -D /var/lib/postgresql/18/main -c config_file=/etc/postgresql/18/main/postgresql.conf
    - 'postgres    4144  0.0  0.1 228628  7560 ?        Ss   09:36   0:00 postgres: 18/main: io worker 0'
    - 'postgres    4145  0.0  0.1 228628  5900 ?        Ss   09:36   0:00 postgres: 18/main: io worker 1'
    - 'postgres    4146  0.0  0.1 228628  5948 ?        Ss   09:36   0:00 postgres: 18/main: io worker 2'
    - 'postgres    4147  0.0  0.1 228764  5944 ?        Ss   09:36   0:00 postgres: 18/main: checkpointer '
    - 'postgres    4148  0.0  0.1 228628  5940 ?        Ss   09:36   0:00 postgres: 18/main: background writer '
    - 'postgres    4150  0.0  0.1 228628  6048 ?        Ss   09:36   0:00 postgres: 18/main: walwriter '
    - 'postgres    4151  0.0  0.2 230204  8880 ?        Ss   09:36   0:00 postgres: 18/main: autovacuum launcher '
    - 'postgres    4152  0.0  0.1 230204  6968 ?        Ss   09:36   0:00 postgres: 18/main: logical replication launcher '
    - root        4167  0.0  0.0   4092  2036 ?        S    09:36   0:00 grep postgres
    - ● postgresql.service - PostgreSQL RDBMS
    - '     Loaded: loaded (/usr/lib/systemd/system/postgresql.service; enabled; preset: enabled)'
    - '     Active: active (exited) since Mon 2026-02-16 09:36:19 UTC; 12ms ago'
    - '    Process: 4164 ExecStart=/bin/true (code=exited, status=0/SUCCESS)'
    - '   Main PID: 4164 (code=exited, status=0/SUCCESS)'
    - '        CPU: 949us'
    - ''
    - 'Feb 16 09:36:19 ubuntu-01 systemd[1]: Starting postgresql.service - PostgreSQL RDBMS...'
    - 'Feb 16 09:36:19 ubuntu-01 systemd[1]: Finished postgresql.service - PostgreSQL RDBMS.'
timeout_seconds: 300
user: root

---

2026-02-16T09:35:51.043291180 [3f01f2:main] Running Firecracker v1.13.1
2026-02-16T09:35:51.043404823 [3f01f2:main] Listening on API socket ("/run/firecracker.sock").
2026-02-16T09:35:51.043574710 [3f01f2:fc_api] API server started.
2026-02-16T09:35:51.049124507 [3f01f2:fc_api] The API server received a Get request on "/machine-config".
2026-02-16T09:35:51.049155044 [3f01f2:fc_api] The request was executed successfully. Status code: 200 OK.
2026-02-16T09:35:51.049415180 [3f01f2:fc_api] The API server received a Put request on "/logger" with body "{\"level\":\"Debug\",\"log_path\":\"machine.log.fifo\",\"show_level\":true,\"show_log_origin\":false}\n".
[    0.000000] Linux version 6.1.160 (root@buildkitsandbox) (gcc (Ubuntu 11.5.0-1ubuntu1~24.04) 11.5.0, GNU ld (GNU Binutils for Ubuntu) 2.42) #1 SMP PREEMPT_DYNAMIC Fri Jan 16 19:02:54 UTC 2026
[    0.000000] Command line: i8042.noaux i8042.dumbkbd swiotlb=noforce random.trust_cpu=on rootfstype=ext4 reboot=k panic=1 pci=off i8042.nomux rw systemd.random_seed=Kmz14J2rarda5T6fTT5vLFL60cUCaursixWJdL1joUluQzCm8kM9aOz9iMar0+l7FN3p75lYLT35P/hlg97tys+ebIT1vKfAV4mSV6fazeGpnv84O9DZua3iB9vZdqx9j2riMPysLVAbhfRXGwFN1WtsuwYiGXBfnCYPCZ7mNpo1qIEHulY4sl/+lCwiovmhbyeN/IF6M5HC2Wt1l0os3eIbLbb5R3bot4Pw2jW7svE4/MpBHWipWAyJJHwHM0jy6LWDJlfAQyx8SjF8EyZJQ8Bhd199bpQu7DQCJWfdWCXSxq7+B1bctpHJFDKqyRhIZvZvxV8CR7Bquzsb7Qn1Mr14wZrBUgU1pJmBKALC/usiPNNfY7EKMZbzDMJTgamn0Ixzl0/ZTP/19bhBbwoXYNJMj4W0NtWMhZW1MK/raRcIXx4R3dBqwZwF4Yvp1LNQ97/eJw59NjW51nfoHKIQabxM6Yxuiv1/48QFx3P0l0ZDtm3S/HK0Py9X9XI83mNbssKKxTUYw1x7yIcY3sms3Rah9zs3obojzRfrqzoKkThOaadvML5SXTPvByptqO7e9CUpAzc5Mi8U9X8Hh4P/LShKtdvgSHesHL4YRmBCrEHevPTnH//ssFMSdt6j+tYlfIjIHm2MDH1/c+/se0XaNfxD0wfTWBadiyYo4hDf/2Gf6sDoil6nxs1iVNQVo6lhNyqlzSyGgVsOVjD1WcbYA3PctNBkKFXNu2QXDCrMeZLn4nopqPQ1C/0J1A6xh/PZcgI6XraRuCnzLJo5shuQK9wWYGhfpfWIrSuVwMXZS/tlgdSvGMMtVp53tSHQCVgY8tPNG
[    0.000000] [Firmware Bug]: TSC doesn't count with P0 frequency!
[    0.000000] BIOS-provided physical RAM map:
[    0.000000] BIOS-e820: [mem 0x0000000000000000-0x000000000009fbff] usable
[    0.000000] BIOS-e820: [mem 0x000000000009fc00-0x00000000000fffff] reserved
[    0.000000] BIOS-e820: [mem 0x0000000000100000-0x00000000bfffffff] usable
[    0.000000] BIOS-e820: [mem 0x00000000eec00000-0x00000000febfffff] reserved
[    0.000000] BIOS-e820: [mem 0x0000000100000000-0x000000013fffffff] usable
[    0.000000] NX (Execute Disable) protection: active
[    0.000000] DMI not present or invalid.
[    0.000000] Hypervisor detected: KVM
[    0.000000] kvm-clock: Using msrs 4b564d01 and 4b564d00
[    0.000001] kvm-clock: using sched offset of 29155283 cycles
[    0.000003] clocksource: kvm-clock: mask: 0xffffffffffffffff max_cycles: 0x1cd42e4dffb, max_idle_ns: 881590591483 ns
[    0.000012] tsc: Detected 4192.104 MHz processor
[    0.000114] last_pfn = 0x140000 max_arch_pfn = 0x400000000
[    0.000145] Disabled
[    0.000147] x86/PAT: MTRRs disabled, skipping PAT initialization too.
[    0.000158] CPU MTRRs all blank - virtualized system.
[    0.000164] x86/PAT: Configuration [0-7]: WB  WT  UC- UC  WB  WT  UC- UC  
[    0.000169] last_pfn = 0xc0000 max_arch_pfn = 0x400000000
[    0.000181] found SMP MP-table at [mem 0x0009fc00-0x0009fc0f]
[    0.000206] Using GB pages for direct mapping
[    0.000297] ACPI: Early table checksum verification disabled
[    0.000318] ACPI: RSDP 0x00000000000E0000 000024 (v02 FIRECK)
[    0.000325] ACPI: XSDT 0x00000000000A0216 00003C (v01 FIRECK FCMVXSDT 00000000 FCAT 20240119)
[    0.000335] ACPI: FACP 0x00000000000A007E 000114 (v06 FIRECK FCVMFADT 00000000 FCAT 20240119)
[    0.000340] ACPI: DSDT 0x000000000009FD44 00033A (v02 FIRECK FCVMDSDT 00000000 FCAT 20240119)
[    0.000341] ACPI: APIC 0x00000000000A0192 000048 (v06 FIRECK FCVMMADT 00000000 FCAT 20240119)
[    0.000342] ACPI: MCFG 0x00000000000A01DA 00003C (v01 FIRECK FCMVMCFG 00000000 FCAT 20240119)
[    0.000344] ACPI: Reserving FACP table memory at [mem 0xa007e-0xa0191]
[    0.000344] ACPI: Reserving DSDT table memory at [mem 0x9fd44-0xa007d]
[    0.000345] ACPI: Reserving APIC table memory at [mem 0xa0192-0xa01d9]
[    0.000345] ACPI: Reserving MCFG table memory at [mem 0xa01da-0xa0215]
[    0.000416] No NUMA configuration found
[    0.000416] Faking a node at [mem 0x0000000000000000-0x000000013fffffff]
[    0.000421] NODE_DATA(0) allocated [mem 0x13ffde000-0x13fffffff]
[    0.000578] Zone ranges:
[    0.000581]   DMA      [mem 0x0000000000001000-0x0000000000ffffff]
[    0.000582]   DMA32    [mem 0x0000000001000000-0x00000000ffffffff]
[    0.000584]   Normal   [mem 0x0000000100000000-0x000000013fffffff]
[    0.000585] Movable zone start for each node
[    0.000587] Early memory node ranges
[    0.000587]   node   0: [mem 0x0000000000001000-0x000000000009efff]
[    0.000588]   node   0: [mem 0x0000000000100000-0x00000000bfffffff]
[    0.000589]   node   0: [mem 0x0000000100000000-0x000000013fffffff]
[    0.000592] Initmem setup node 0 [mem 0x0000000000001000-0x000000013fffffff]
[    0.000604] On node 0, zone DMA: 1 pages in unavailable ranges
[    0.000794] On node 0, zone DMA: 97 pages in unavailable ranges
[    0.037866] IOAPIC[0]: apic_id 0, version 17, address 0xfec00000, GSI 0-23
[    0.037874] ACPI: Using ACPI (MADT) for SMP configuration information
[    0.037880] TSC deadline timer available
[    0.037885] smpboot: Allowing 2 CPUs, 0 hotplug CPUs
[    0.037903] kvm-guest: KVM setup pv remote TLB flush
[    0.037906] kvm-guest: setup PV sched yield
[    0.037919] PM: hibernation: Registered nosave memory: [mem 0x00000000-0x00000fff]
[    0.037922] PM: hibernation: Registered nosave memory: [mem 0x0009f000-0x000fffff]
[    0.037923] PM: hibernation: Registered nosave memory: [mem 0xc0000000-0xffffffff]
[    0.037926] [mem 0xc0000000-0xeebfffff] available for PCI devices
[    0.037927] Booting paravirtualized kernel on KVM
[    0.037931] clocksource: refined-jiffies: mask: 0xffffffff max_cycles: 0xffffffff, max_idle_ns: 7645519600211568 ns
[    0.037943] setup_percpu: NR_CPUS:64 nr_cpumask_bits:2 nr_cpu_ids:2 nr_node_ids:1
[    0.039402] percpu: Embedded 59 pages/cpu s204800 r8192 d28672 u1048576
[    0.039433] kvm-guest: PV spinlocks enabled
[    0.039436] PV qspinlock hash table entries: 256 (order: 0, 4096 bytes, linear)
[    0.039440] Fallback order for Node 0: 0 
[    0.039443] Built 1 zonelists, mobility grouping on.  Total pages: 1031936
[    0.039444] Policy zone: Normal
[    0.039445] Kernel command line: i8042.noaux i8042.dumbkbd swiotlb=noforce random.trust_cpu=on rootfstype=ext4 reboot=k panic=1 pci=off i8042.nomux rw systemd.random_seed=Kmz14J2rarda5T6fTT5vLFL60cUCaursixWJdL1joUluQzCm8kM9aOz9iMar0+l7FN3p75lYLT35P/hlg97tys+ebIT1vKfAV4mSV6fazeGpnv84O9DZua3iB9vZdqx9j2riMPysLVAbhfRXGwFN1WtsuwYiGXBfnCYPCZ7mNpo1qIEHulY4sl/+lCwiovmhbyeN/IF6M5HC2Wt1l0os3eIbLbb5R3bot4Pw2jW7svE4/MpBHWipWAyJJHwHM0jy6LWDJlfAQyx8SjF8EyZJQ8Bhd199bpQu7DQCJWfdWCXSxq7+B1bctpHJFDKqyRhIZvZvxV8CR7Bquzsb7Qn1Mr14wZrBUgU1pJmBKALC/usiPNNfY7EKMZbzDMJTgamn0Ixzl0/ZTP/19bhBbwoXYNJMj4W0NtWMhZW1MK/raRcIXx4R3dBqwZwF4Yvp1LNQ97/eJw59NjW51nfoHKIQabxM6Yxuiv1/48QFx3P0l0ZDtm3S/HK0Py9X9XI83mNbssKKxTUYw1x7yIcY3sms3Rah9zs3obojzRfrqzoKkThOaadvML5SXTPvByptqO7e9CUpAzc5Mi8U9X8Hh4P/LShKtdvgSHesHL4YRmBCrEHevPTnH//ssFMSdt6j+tYlfIjIHm2MDH1/c+/se0XaNfxD0wfTWBadiyYo4hDf/2Gf6sDoil6nxs1iVNQVo6lhNyqlzSyGgVsOVjD1WcbYA3PctNBkKFXNu2QXDCrMeZLn4nopqPQ1C/0J1A6xh/PZcgI6XraRuCnzLJo5shuQK9wWYGhfpfWIrSuVwMXZS/tlgdSvGMMtVp53tSHQCV
[    0.039832] random: crng init done
[    0.042541] Dentry cache hash table entries: 524288 (order: 10, 4194304 bytes, linear)
[    0.044115] Inode-cache hash table entries: 262144 (order: 9, 2097152 bytes, linear)
[    0.044137] mem auto-init: stack:off, heap alloc:off, heap free:off
[    0.048550] Memory: 3236560K/4193912K available (16398K kernel code, 2564K rwdata, 8760K rodata, 3196K init, 4320K bss, 111936K reserved, 0K cma-reserved)
[    0.048678] SLUB: HWalign=64, Order=0-3, MinObjects=0, CPUs=2, Nodes=1
[    0.048737] ftrace: allocating 48280 entries in 189 pages
[    0.058676] ftrace: allocated 189 pages with 6 groups
[    0.059631] Dynamic Preempt: none
[    0.059659] rcu: Preemptible hierarchical RCU implementation.
[    0.059661] rcu: 	RCU restricting CPUs from NR_CPUS=64 to nr_cpu_ids=2.
[    0.059664] 	Trampoline variant of Tasks RCU enabled.
[    0.059664] 	Rude variant of Tasks RCU enabled.
[    0.059664] 	Tracing variant of Tasks RCU enabled.
[    0.059665] rcu: RCU calculated value of scheduler-enlistment delay is 25 jiffies.
[    0.059665] rcu: Adjusting geometry for rcu_fanout_leaf=16, nr_cpu_ids=2
[    0.063504] NR_IRQS: 4352, nr_irqs: 40, preallocated irqs: 0
[    0.063533] rcu: srcu_init: Setting srcu_struct sizes based on contention.
[    0.063630] Console: colour dummy device 80x25
[    0.146216] printk: console [ttyS0] enabled
[    0.146693] ACPI: Core revision 20220331
[    0.147267] APIC: Switch to symmetric I/O mode setup
[    0.147941] x2apic enabled
[    0.148391] Switched APIC routing to physical x2apic.
[    0.148956] kvm-guest: setup PV IPIs
[    0.149397] clocksource: tsc-early: mask: 0xffffffffffffffff max_cycles: 0x3c6d3ec805c, max_idle_ns: 440795400578 ns
[    0.150535] Calibrating delay loop (skipped) preset value.. 8384.20 BogoMIPS (lpj=16768416)
[    0.151540] x86/cpu: User Mode Instruction Prevention (UMIP) activated
[    0.152264] Last level iTLB entries: 4KB 512, 2MB 512, 4MB 256
[    0.152907] Last level dTLB entries: 4KB 3072, 2MB 3072, 4MB 1536, 1GB 0
[    0.153637] Spectre V1 : Mitigation: usercopy/swapgs barriers and __user pointer sanitization
[    0.154532] Spectre V2 : Mitigation: Enhanced / Automatic IBRS
[    0.154532] Spectre V2 : mitigation: Enabling conditional Indirect Branch Prediction Barrier
[    0.154532] Speculative Store Bypass: Mitigation: Speculative Store Bypass disabled via prctl
[    0.154532] active return thunk: srso_alias_return_thunk
[    0.154532] Speculative Return Stack Overflow: Mitigation: safe RET
[    0.154532] Transient Scheduler Attacks: Forcing mitigation on in a VM
[    0.154532] Transient Scheduler Attacks: Vulnerable: Clear CPU buffers attempted, no microcode
[    0.154532] x86/fpu: Supporting XSAVE feature 0x001: 'x87 floating point registers'
[    0.154532] x86/fpu: Supporting XSAVE feature 0x002: 'SSE registers'
[    0.154532] x86/fpu: Supporting XSAVE feature 0x004: 'AVX registers'
[    0.154532] x86/fpu: Supporting XSAVE feature 0x020: 'AVX-512 opmask'
[    0.154532] x86/fpu: Supporting XSAVE feature 0x040: 'AVX-512 Hi256'
[    0.154532] x86/fpu: Supporting XSAVE feature 0x080: 'AVX-512 ZMM_Hi256'
[    0.154532] x86/fpu: Supporting XSAVE feature 0x200: 'Protection Keys User registers'
[    0.154532] x86/fpu: xstate_offset[2]:  576, xstate_sizes[2]:  256
[    0.154532] x86/fpu: xstate_offset[5]:  832, xstate_sizes[5]:   64
[    0.154532] x86/fpu: xstate_offset[6]:  896, xstate_sizes[6]:  512
[    0.154532] x86/fpu: xstate_offset[7]: 1408, xstate_sizes[7]: 1024
[    0.154532] x86/fpu: xstate_offset[9]: 2432, xstate_sizes[9]:    8
[    0.154532] x86/fpu: Enabled xstate features 0x2e7, context size is 2440 bytes, using 'compacted' format.
[    0.154532] Freeing SMP alternatives memory: 48K
[    0.154532] pid_max: default: 32768 minimum: 301
[    0.154532] LSM: Security Framework initializing
[    0.154532] SELinux:  Initializing.
[    0.154532] SELinux: CONFIG_SECURITY_SELINUX_CHECKREQPROT_VALUE is non-zero.  This is deprecated and will be rejected in a future kernel release.
[    0.154532] SELinux: https://github.com/SELinuxProject/selinux-kernel/wiki/DEPRECATE-checkreqprot
[    0.154532] Mount-cache hash table entries: 8192 (order: 4, 65536 bytes, linear)
[    0.154532] Mountpoint-cache hash table entries: 8192 (order: 4, 65536 bytes, linear)
[    0.154532] smpboot: CPU0: AMD EPYC (family: 0x19, model: 0x61, stepping: 0x2)
[    0.154532] cblist_init_generic: Setting adjustable number of callback queues.
[    0.154532] cblist_init_generic: Setting shift to 1 and lim to 1.
[    0.154532] cblist_init_generic: Setting adjustable number of callback queues.
[    0.154532] cblist_init_generic: Setting shift to 1 and lim to 1.
[    0.154532] cblist_init_generic: Setting adjustable number of callback queues.
[    0.154537] cblist_init_generic: Setting shift to 1 and lim to 1.
[    0.155232] Performance Events: Fam17h+ core perfctr, AMD PMU driver.
[    0.155942] ... version:                2
[    0.156370] ... bit width:              48
[    0.156808] ... generic registers:      6
[    0.157236] ... value mask:             0000ffffffffffff
[    0.157803] ... max period:             00007fffffffffff
[    0.158380] ... fixed-purpose events:   0
[    0.158536] ... event mask:             000000000000003f
[    0.159202] signal: max sigframe size: 3376
[    0.159701] rcu: Hierarchical SRCU implementation.
[    0.160199] rcu: 	Max phase no-delay instances is 1000.
[    0.161116] smp: Bringing up secondary CPUs ...
[    0.161748] x86: Booting SMP configuration:
[    0.162186] .... node  #0, CPUs:      #1
[    0.162578] smp: Brought up 1 node, 2 CPUs
[    0.163435] smpboot: Max logical packages: 1
[    0.163899] smpboot: Total of 2 processors activated (16768.41 BogoMIPS)
[    0.168775] node 0 deferred pages initialised in 8ms
[    0.172484] devtmpfs: initialized
[    0.172484] x86/mm: Memory block size: 128MB
[    0.175025] clocksource: jiffies: mask: 0xffffffff max_cycles: 0xffffffff, max_idle_ns: 7645041785100000 ns
[    0.175698] futex hash table entries: 512 (order: 3, 32768 bytes, linear)
[    0.177238] NET: Registered PF_NETLINK/PF_ROUTE protocol family
[    0.177988] DMA: preallocated 512 KiB GFP_KERNEL pool for atomic allocations
[    0.178550] DMA: preallocated 512 KiB GFP_KERNEL|GFP_DMA pool for atomic allocations
[    0.179397] DMA: preallocated 512 KiB GFP_KERNEL|GFP_DMA32 pool for atomic allocations
[    0.180266] audit: initializing netlink subsys (disabled)
[    0.180906] audit: type=2000 audit(1771234551.176:1): state=initialized audit_enabled=0 res=1
[    0.180906] thermal_sys: Registered thermal governor 'fair_share'
[    0.180906] thermal_sys: Registered thermal governor 'step_wise'
[    0.182537] thermal_sys: Registered thermal governor 'user_space'
[    0.183212] cpuidle: using governor ladder
[    0.184333] cpuidle: using governor menu
[    0.184777] PCI: Fatal: No config space access function found
[    0.186748] kprobes: kprobe jump-optimization is enabled. All kprobes are optimized if possible.
[    0.202008] HugeTLB: registered 1.00 GiB page size, pre-allocated 0 pages
[    0.202538] HugeTLB: 16380 KiB vmemmap can be freed for a 1.00 GiB page
[    0.203255] HugeTLB: registered 2.00 MiB page size, pre-allocated 0 pages
[    0.203992] HugeTLB: 28 KiB vmemmap can be freed for a 2.00 MiB page
[    0.271540] raid6: avx512x4 gen() 44492 MB/s
[    0.339708] raid6: avx512x2 gen() 47440 MB/s
[    0.407881] raid6: avx512x1 gen() 46036 MB/s
[    0.476096] raid6: avx2x4   gen() 48681 MB/s
[    0.544335] raid6: avx2x2   gen() 49025 MB/s
[    0.612581] raid6: avx2x1   gen() 35827 MB/s
[    0.613025] raid6: using algorithm avx2x2 gen() 49025 MB/s
[    0.680832] raid6: .... xor() 53744 MB/s, rmw enabled
[    0.681371] raid6: using avx512x2 recovery algorithm
[    0.681951] ACPI: Added _OSI(Module Device)
[    0.682395] ACPI: Added _OSI(Processor Device)
[    0.682536] ACPI: Added _OSI(Processor Aggregator Device)
[    0.683295] ACPI: 1 ACPI AML tables successfully acquired and loaded
[    0.684007] ACPI: Interpreter enabled
[    0.684007] ACPI: PM: (supports S0)
[    0.684007] ACPI: Using IOAPIC for interrupt routing
[    0.684007] PCI: Using host bridge windows from ACPI; if necessary, use "pci=nocrs" and report a bug
[    0.684919] PCI: Using E820 reservations for host bridge windows
[    0.687184] iommu: Default domain type: Translated 
[    0.687715] iommu: DMA domain TLB invalidation policy: lazy mode 
[    0.688447] SCSI subsystem initialized
[    0.688864] pps_core: LinuxPPS API ver. 1 registered
[    0.689374] pps_core: Software ver. 5.3.6 - Copyright 2005-2007 Rodolfo Giometti <giometti@linux.it>
[    0.690321] PTP clock support registered
[    0.690727] NetLabel: Initializing
[    0.691361] NetLabel:  domain hash size = 128
[    0.694536] NetLabel:  protocols = UNLABELED CIPSOv4 CALIPSO
[    0.695156] NetLabel:  unlabeled traffic allowed by default
[    0.695748] PCI: Using ACPI for IRQ routing
[    0.696202] PCI: System does not support PCI
[    0.696661] vgaarb: loaded
[    0.696661] clocksource: Switched to clocksource kvm-clock
[    0.715114] VFS: Disk quotas dquot_6.6.0
[    0.715548] VFS: Dquot-cache hash table entries: 512 (order 0, 4096 bytes)
[    0.716286] FS-Cache: Loaded
[    0.716629] pnp: PnP ACPI init
[    0.717066] pnp: PnP ACPI: found 5 devices
[    0.719296] NET: Registered PF_INET protocol family
[    0.720162] IP idents hash table entries: 65536 (order: 7, 524288 bytes, linear)
[    0.721392] tcp_listen_portaddr_hash hash table entries: 2048 (order: 3, 32768 bytes, linear)
[    0.722292] Table-perturb hash table entries: 65536 (order: 6, 262144 bytes, linear)
[    0.723093] TCP established hash table entries: 32768 (order: 6, 262144 bytes, linear)
[    0.724073] TCP bind hash table entries: 32768 (order: 8, 1048576 bytes, linear)
[    0.725495] TCP: Hash tables configured (established 32768 bind 32768)
[    0.726394] MPTCP token hash table entries: 4096 (order: 5, 98304 bytes, linear)
[    0.727174] UDP hash table entries: 2048 (order: 4, 65536 bytes, linear)
[    0.727907] UDP-Lite hash table entries: 2048 (order: 4, 65536 bytes, linear)
[    0.728708] NET: Registered PF_UNIX/PF_LOCAL protocol family
[    0.730789] RPC: Registered named UNIX socket transport module.
[    0.731575] RPC: Registered udp transport module.
[    0.732062] RPC: Registered tcp transport module.
[    0.732552] RPC: Registered tcp NFSv4.1 backchannel transport module.
[    0.733215] NET: Registered PF_XDP protocol family
[    0.733709] PCI: CLS 0 bytes, default 64
[    0.734121] PCI-DMA: Using software bounce buffering for IO (SWIOTLB)
[    0.734785] software IO TLB: No low mem
[    0.735266] virtio-mmio: Registering device virtio-mmio.0 at 0xc0001000-0xc0001fff, IRQ 5.
[    0.736119] virtio-mmio: Registering device virtio-mmio.1 at 0xc0002000-0xc0002fff, IRQ 6.
[    0.736977] virtio-mmio: Registering device virtio-mmio.2 at 0xc0003000-0xc0003fff, IRQ 7.
[    0.737913] virtio-mmio: Registering device virtio-mmio.3 at 0xc0004000-0xc0004fff, IRQ 8.
[    0.739026] clocksource: tsc: mask: 0xffffffffffffffff max_cycles: 0x3c6d3ec805c, max_idle_ns: 440795400578 ns
[    0.740064] clocksource: Switched to clocksource tsc
[    0.740596] platform rtc_cmos: registered platform RTC device (no PNP device found)
[    0.741953] Initialise system trusted keyrings
[    0.742426] Key type blacklist registered
[    0.742891] workingset: timestamp_bits=36 max_order=20 bucket_order=0
[    0.744926] zbud: loaded
[    0.745577] squashfs: version 4.0 (2009/01/31) Phillip Lougher
[    0.746400] SGI XFS with ACLs, security attributes, quota, no debug enabled
[    0.749498] xor: automatically using best checksumming function   avx       
[    0.750260] async_tx: api initialized (async)
[    0.750733] Key type asymmetric registered
[    0.751197] Asymmetric key parser 'x509' registered
[    0.751786] Block layer SCSI generic (bsg) driver version 0.4 loaded (major 251)
[    0.752596] io scheduler mq-deadline registered
[    0.753062] io scheduler kyber registered
[    0.753505] io scheduler bfq registered
[    0.754702] virtio-mmio virtio-mmio.0: can't request region for resource [mem 0xc0001000-0xc0001fff]
[    0.755887] virtio-mmio: probe of virtio-mmio.0 failed with error -16
[    0.756727] virtio-mmio virtio-mmio.1: can't request region for resource [mem 0xc0002000-0xc0002fff]
[    0.757843] virtio-mmio: probe of virtio-mmio.1 failed with error -16
[    0.758515] virtio-mmio virtio-mmio.2: can't request region for resource [mem 0xc0003000-0xc0003fff]
[    0.759459] virtio-mmio: probe of virtio-mmio.2 failed with error -16
[    0.760121] virtio-mmio virtio-mmio.3: can't request region for resource [mem 0xc0004000-0xc0004fff]
[    0.761053] virtio-mmio: probe of virtio-mmio.3 failed with error -16
[    0.761782] Serial: 8250/16550 driver, 1 ports, IRQ sharing disabled
[    0.762526] 00:00: ttyS0 at I/O 0x3f8 (irq = 29, base_baud = 115200) is a 16550A
[    0.765342] loop: module loaded
[    0.765740] virtio_blk virtio0: 1/0/0 default/read/poll queues
[    0.766544] virtio_blk virtio0: [vda] 83886112 512-byte logical blocks (42.9 GB/40.0 GiB)
[    0.768097] Loading iSCSI transport class v2.0-870.
[    0.768865] iscsi: registered transport (tcp)
[    0.769762] wireguard: WireGuard 1.0.0 loaded. See www.wireguard.com for information.
[    0.770565] wireguard: Copyright (C) 2015-2019 Jason A. Donenfeld <Jason@zx2c4.com>. All Rights Reserved.
[    0.771563] tun: Universal TUN/TAP device driver, 1.6
[    0.772191] virtio_net virtio1: Assigned random MAC address 0e:ae:15:41:28:64
[    0.773276] i8042: PNP: PS/2 Controller [PNP0303:PS2] at 0x60,0x64 irq 31
[    0.774132] serio: i8042 KBD port at 0x60,0x64 irq 31
[    0.774750] input: AT Raw Set 2 keyboard as /devices/platform/i8042/serio0/input/input0
[    0.775683] hid: raw HID events driver (C) Jiri Kosina
[    0.787323] Initializing XFRM netlink socket
[    0.787843] NET: Registered PF_INET6 protocol family
[    0.788982] Segment Routing with IPv6
[    0.789376] In-situ OAM (IOAM) with IPv6
[    0.790954] bpfilter: Loaded bpfilter_umh pid 238
[    0.791711] NET: Registered PF_PACKET protocol family
[    0.792252] Bridge firewalling registered
[    0.792727] NET: Registered PF_VSOCK protocol family
[    0.793760] IPI shorthand broadcast: enabled
[    0.794241] sched_clock: Marking stable (705692262, 86994729)->(839252854, -46565863)
[    0.795124] registered taskstats version 1
[    0.798758] Loading compiled-in X.509 certificates
[    0.799758] Loaded X.509 cert 'Build time autogenerated kernel key: dca3bd1004fda1a83ccefca54c8caf042dcc0c28'
[    0.800819] zswap: loaded using pool lzo/zbud
[    0.801364] Key type .fscrypt registered
[    0.801774] Key type fscrypt-provisioning registered
[    0.802749] Btrfs loaded, crc32c=crc32c-generic, zoned=no, fsverity=no
[    0.803615] Key type encrypted registered
[    0.827022] IP-Config: Complete:
[    0.827650]      device=eth0, hwaddr=0e:ae:15:41:28:64, ipaddr=172.16.0.2, mask=255.255.255.0, gw=172.16.0.1
[    0.828741]      host=172.16.0.2, domain=, nis-domain=(none)
[    0.829346]      bootserver=255.255.255.255, rootserver=255.255.255.255, rootpath=
[    0.829381] clk: Disabling unused clocks
[    0.830787] md: Waiting for all devices to be available before autodetect
[    0.831243] md: If you don't use raid, use raid=noautodetect
[    0.831610] md: Autodetecting RAID arrays.
[    0.831880] md: autorun ...
[    0.832068] md: ... autorun DONE.
[    0.834018] EXT4-fs (vda): mounted filesystem with ordered data mode. Quota mode: none.
[    0.834541] VFS: Mounted root (ext4 filesystem) on device 253:0.
[    0.835132] devtmpfs: mounted
[    0.835862] Freeing unused decrypted memory: 2036K
[    0.836646] Freeing unused kernel image (initmem) memory: 3196K
[    0.837031] Write protecting the kernel read-only data: 28672k
[    0.838391] Freeing unused kernel image (text/rodata gap) memory: 2032K
[    0.839807] Freeing unused kernel image (rodata/data gap) memory: 1480K
[    0.840244] Run /sbin/init as init process
SELinux:  Could not open policy file <= /etc/selinux/targeted/policy/policy.33:  No such file or directory
[    0.904373] systemd[1]: Inserted module 'autofs4'
[    0.966110] systemd[1]: Successfully credited entropy passed on kernel command line.
[    0.966640] systemd[1]: Note that the seed provided this way is accessible to unprivileged programs. This functionality should not be used outside of testing environments.
[    0.967826] systemd[1]: systemd 255.4-1ubuntu8.12 running in system mode (+PAM +AUDIT +SELINUX +APPARMOR +IMA +SMACK +SECCOMP +GCRYPT -GNUTLS +OPENSSL +ACL +BLKID +CURL +ELFUTILS +FIDO2 +IDN2 -IDN +IPTC +KMOD +LIBCRYPTSETUP +LIBFDISK +PCRE2 -PWQUALITY +P11KIT +QRENCODE +TPM2 +BZIP2 +LZ4 +XZ +ZLIB +ZSTD -BPF_FRAMEWORK -XKBCOMMON +UTMP +SYSVINIT default-hierarchy=unified)
[    0.969897] systemd[1]: Detected virtualization kvm.
[    0.970247] systemd[1]: Detected architecture x86-64.

Welcome to [1mUbuntu 24.04.4 LTS[0m!


[    0.971703] systemd[1]: Hostname set to <ubuntu-01>.
[    0.973446] systemd[1]: Initializing machine ID from random generator.
[    1.058355] systemd[1]: Queued start job for default target graphical.target.
[    1.075764] systemd[1]: Created slice system-getty.slice - Slice /system/getty.
[[0;32m  OK  [0m] Created slice [0;1;39msystem-getty.slice[0m - Slice /system/getty.

[    1.077185] systemd[1]: Created slice system-modprobe.slice - Slice /system/modprobe.
[[0;32m  OK  [0m] Created slice [0;1;39msystem-modprobe.slice[0m - Slice /system/modprobe.

[    1.078628] systemd[1]: Created slice system-serial\x2dgetty.slice - Slice /system/serial-getty.
[[0;32m  OK  [0m] Created slice [0;1;39msystem-serial\x2dget…slice[0m - Slice /system/serial-getty.

[    1.080281] systemd[1]: Created slice user.slice - User and Session Slice.
[[0;32m  OK  [0m] Created slice [0;1;39muser.slice[0m - User and Session Slice.

[    1.081495] systemd[1]: Started systemd-ask-password-console.path - Dispatch Password Requests to Console Directory Watch.
[[0;32m  OK  [0m] Started [0;1;39msystemd-ask-password-conso…[0mequests to Console Directory Watch.

[    1.083114] systemd[1]: Started systemd-ask-password-wall.path - Forward Password Requests to Wall Directory Watch.
[[0;32m  OK  [0m] Started [0;1;39msystemd-ask-password-wall.…[0md Requests to Wall Directory Watch.

[    1.084788] systemd[1]: Set up automount proc-sys-fs-binfmt_misc.automount - Arbitrary Executable File Formats File System Automount Point.
[[0;32m  OK  [0m] Set up automount [0;1;39mproc-sys-fs-binfm…[0mormats File System Automount Point.

[    1.086484] systemd[1]: Expecting device dev-ttyS0.device - /dev/ttyS0...
         Expecting device [0;1;39mdev-ttyS0.device[0m - /dev/ttyS0...

[    1.087454] systemd[1]: Reached target cryptsetup.target - Local Encrypted Volumes.
[[0;32m  OK  [0m] Reached target [0;1;39mcryptsetup.target[0m - Local Encrypted Volumes.

[    1.088788] systemd[1]: Reached target integritysetup.target - Local Integrity Protected Volumes.
[[0;32m  OK  [0m] Reached target [0;1;39mintegritysetup.targ…[0m Local Integrity Protected Volumes.

[    1.090237] systemd[1]: Reached target paths.target - Path Units.
[[0;32m  OK  [0m] Reached target [0;1;39mpaths.target[0m - Path Units.

[    1.091277] systemd[1]: Reached target remote-fs.target - Remote File Systems.
[[0;32m  OK  [0m] Reached target [0;1;39mremote-fs.target[0m - Remote File Systems.

[    1.092381] systemd[1]: Reached target slices.target - Slice Units.
[[0;32m  OK  [0m] Reached target [0;1;39mslices.target[0m - Slice Units.

[    1.093438] systemd[1]: Reached target swap.target - Swaps.
[[0;32m  OK  [0m] Reached target [0;1;39mswap.target[0m - Swaps.

[    1.094403] systemd[1]: Reached target veritysetup.target - Local Verity Protected Volumes.
[[0;32m  OK  [0m] Reached target [0;1;39mveritysetup.target[0m - Local Verity Protected Volumes.

[    1.095850] systemd[1]: Listening on systemd-initctl.socket - initctl Compatibility Named Pipe.
[[0;32m  OK  [0m] Listening on [0;1;39msystemd-initctl.socke…[0m- initctl Compatibility Named Pipe.

[    1.097406] systemd[1]: Listening on systemd-journald-dev-log.socket - Journal Socket (/dev/log).
[[0;32m  OK  [0m] Listening on [0;1;39msystemd-journald-dev-…socket[0m - Journal Socket (/dev/log).

[    1.098940] systemd[1]: Listening on systemd-journald.socket - Journal Socket.
[[0;32m  OK  [0m] Listening on [0;1;39msystemd-journald.socket[0m - Journal Socket.

[    1.100174] systemd[1]: systemd-pcrextend.socket - TPM2 PCR Extension (Varlink) was skipped because of an unmet condition check (ConditionSecurity=measured-uki).
[    1.101736] systemd[1]: Listening on systemd-udevd-control.socket - udev Control Socket.
[[0;32m  OK  [0m] Listening on [0;1;39msystemd-udevd-control.socket[0m - udev Control Socket.

[    1.103288] systemd[1]: Listening on systemd-udevd-kernel.socket - udev Kernel Socket.
[[0;32m  OK  [0m] Listening on [0;1;39msystemd-udevd-kernel.socket[0m - udev Kernel Socket.

[    1.105230] systemd[1]: Mounting dev-hugepages.mount - Huge Pages File System...
         Mounting [0;1;39mdev-hugepages.mount[0m - Huge Pages File System...

[    1.106813] systemd[1]: Mounting dev-mqueue.mount - POSIX Message Queue File System...
         Mounting [0;1;39mdev-mqueue.mount[0m - POSIX Message Queue File System...

[    1.109977] systemd[1]: Mounting sys-kernel-debug.mount - Kernel Debug File System...
         Mounting [0;1;39msys-kernel-debug.mount[0m - Kernel Debug File System...

[    1.113099] systemd[1]: Mounting sys-kernel-tracing.mount - Kernel Trace File System...
         Mounting [0;1;39msys-kernel-tracing.mount[0m - Kernel Trace File System...

[    1.116043] systemd[1]: Starting systemd-journald.service - Journal Service...
         Starting [0;1;39msystemd-journald.service[0m - Journal Service...

[    1.121715] systemd[1]: Starting kmod-static-nodes.service - Create List of Static Device Nodes...
         Starting [0;1;39mkmod-static-nodes.service[0m…eate List of Static Device Nodes...

[    1.125889] systemd[1]: Starting modprobe@configfs.service - Load Kernel Module configfs...
         Starting [0;1;39mmodprobe@configfs.service[0m - Load Kernel Module configfs...

[    1.128366] systemd-journald[356]: Collecting audit messages is disabled.
[    1.128662] systemd[1]: Starting modprobe@dm_mod.service - Load Kernel Module dm_mod...
         Starting [0;1;39mmodprobe@dm_mod.service[0m - Load Kernel Module dm_mod...

[    1.135446] systemd[1]: Starting modprobe@drm.service - Load Kernel Module drm...
         Starting [0;1;39mmodprobe@drm.service[0m - Load Kernel Module drm...

[    1.137059] systemd[1]: Starting modprobe@efi_pstore.service - Load Kernel Module efi_pstore...
         Starting [0;1;39mmodprobe@efi_pstore.servi…[0m - Load Kernel Module efi_pstore...

[    1.141793] systemd[1]: Starting modprobe@fuse.service - Load Kernel Module fuse...
         Starting [0;1;39mmodprobe@fuse.service[0m - Load Kernel Module fuse...

[    1.143395] device-mapper: ioctl: 4.47.0-ioctl (2022-07-28) initialised: dm-devel@redhat.com
[    1.146323] systemd[1]: Starting modprobe@loop.service - Load Kernel Module loop...
         Starting [0;1;39mmodprobe@loop.service[0m - Load Kernel Module loop...

[    1.152401] fuse: init (API version 7.38)
[    1.154051] systemd[1]: Starting systemd-modules-load.service - Load Kernel Modules...
         Starting [0;1;39msystemd-modules-load.service[0m - Load Kernel Modules...

[    1.155304] systemd[1]: systemd-pcrmachine.service - TPM2 PCR Machine ID Measurement was skipped because of an unmet condition check (ConditionSecurity=measured-uki).
[    1.156982] systemd[1]: Starting systemd-remount-fs.service - Remount Root and Kernel File Systems...
         Starting [0;1;39msystemd-remount-fs.servic…[0munt Root and Kernel File Systems...

[    1.158414] systemd[1]: systemd-tpm2-setup-early.service - TPM2 SRK Setup (Early) was skipped because of an unmet condition check (ConditionSecurity=measured-uki).
[    1.161047] ACPI: bus type drm_connector registered
[    1.162079] systemd[1]: Starting systemd-udev-trigger.service - Coldplug All udev Devices...
         Starting [0;1;39msystemd-udev-trigger.service[0m - Coldplug All udev Devices...

[    1.164251] systemd[1]: Started systemd-journald.service - Journal Service.
[[0;32m  OK  [0m] Started [0;1;39msystemd-journald.service[0m - Journal Service.

[[0;32m  OK  [0m] Mounted [0;1;39mdev-hugepages.mount[0m - Huge Pages File System.

[[0;32m  OK  [0m] Mounted [0;1;39mdev-mqueue.mount[0m - POSIX Message Queue File System.

[[0;32m  OK  [0m] Mounted [0;1;39msys-kernel-debug.mount[0m - Kernel Debug File System.

[[0;32m  OK  [0m] Mounted [0;1;39msys-kernel-tracing.mount[0m - Kernel Trace File System.

[[0;32m  OK  [0m] Finished [0;1;39mkmod-static-nodes.service[0m…Create List of Static Device Nodes.

[[0;32m  OK  [0m] Finished [0;1;39mmodprobe@configfs.service[0m - Load Kernel Module configfs.

[[0;32m  OK  [0m] Finished [0;1;39mmodprobe@dm_mod.service[0m - Load Kernel Module dm_mod.

[[0;32m  OK  [0m] Finished [0;1;39mmodprobe@drm.service[0m - Load Kernel Module drm.

[[0;32m  OK  [0m] Finished [0;1;39mmodprobe@efi_pstore.service[0m - Load Kernel Module efi_pstore.

[[0;32m  OK  [0m] Finished [0;1;39mmodprobe@fuse.service[0m - Load Kernel Module fuse.

[[0;32m  OK  [0m] Finished [0;1;39mmodprobe@loop.service[0m - Load Kernel Module loop.

[[0;32m  OK  [0m] Finished [0;1;39msystemd-modules-load.service[0m - Load Kernel Modules.

[[0;32m  OK  [0m] Finished [0;1;39msystemd-remount-fs.servic…[0mmount Root and Kernel File Systems.

         Mounting [0;1;39msys-fs-fuse-connections.mount[0m - FUSE Control File System...

         Mounting [0;1;39msys-kernel-config.mount[0m - Kernel Configuration File System...

         Starting [0;1;39msystemd-journal-flush.ser…[0msh Journal to Persistent Storage...

         Starting [0;1;39msystemd-random-seed.service[0m - Load/Save OS Random Seed...

[    1.210949] systemd-journald[356]: Received client request to flush runtime journal.
         Starting [0;1;39msystemd-sysctl.service[0m - Apply Kernel Variables...

         Starting [0;1;39msystemd-tmpfiles-setup-de…[0m Device Nodes in /dev gracefully...

[[0;32m  OK  [0m] Mounted [0;1;39msys-fs-fuse-connections.mount[0m - FUSE Control File System.

[[0;32m  OK  [0m] Mounted [0;1;39msys-kernel-config.mount[0m - Kernel Configuration File System.

[[0;32m  OK  [0m] Finished [0;1;39msystemd-journal-flush.ser…[0mlush Journal to Persistent Storage.

[[0;32m  OK  [0m] Finished [0;1;39msystemd-udev-trigger.service[0m - Coldplug All udev Devices.

[[0;32m  OK  [0m] Finished [0;1;39msystemd-random-seed.service[0m - Load/Save OS Random Seed.

[[0;32m  OK  [0m] Finished [0;1;39msystemd-tmpfiles-setup-de…[0mic Device Nodes in /dev gracefully.

[[0;32m  OK  [0m] Finished [0;1;39msystemd-sysctl.service[0m - Apply Kernel Variables.

         Starting [0;1;39msystemd-sysusers.service[0m - Create System Users...

[[0;32m  OK  [0m] Finished [0;1;39msystemd-sysusers.service[0m - Create System Users.

         Starting [0;1;39msystemd-tmpfiles-setup-de…[0meate Static Device Nodes in /dev...

[[0;32m  OK  [0m] Finished [0;1;39msystemd-tmpfiles-setup-de…[0mCreate Static Device Nodes in /dev.

[[0;32m  OK  [0m] Reached target [0;1;39mlocal-fs-pre.target[0m…Preparation for Local File Systems.

[[0;32m  OK  [0m] Reached target [0;1;39mlocal-fs.target[0m - Local File Systems.

[[0;32m  OK  [0m] Listening on [0;1;39msystemd-sysext.socket[0m…tension Image Management (Varlink).

         Starting [0;1;39mldconfig.service[0m - Rebuild Dynamic Linker Cache...

         Starting [0;1;39msystemd-binfmt.service[0m - Set Up Additional Binary Formats...

         Starting [0;1;39msystemd-tmpfiles-setup.se…[0me Volatile Files and Directories...

         Starting [0;1;39msystemd-udevd.service[0m - R…ager for Device Events and Files...

         Mounting [0;1;39mproc-sys-fs-binfmt_misc.m…[0mcutable File Formats File System...

[[0;32m  OK  [0m] Finished [0;1;39msystemd-tmpfiles-setup.se…[0mate Volatile Files and Directories.

[[0;32m  OK  [0m] Mounted [0;1;39mproc-sys-fs-binfmt_misc.mo…[0mxecutable File Formats File System.

         Starting [0;1;39msystemd-journal-catalog-u…ervice[0m - Rebuild Journal Catalog...

         Starting [0;1;39msystemd-resolved.service[0m - Network Name Resolution...

         Starting [0;1;39msystemd-timesyncd.service[0m - Network Time Synchronization...

         Starting [0;1;39msystemd-update-utmp.servi…[0mord System Boot/Shutdown in UTMP...

[[0;32m  OK  [0m] Finished [0;1;39msystemd-binfmt.service[0m - Set Up Additional Binary Formats.

[[0;32m  OK  [0m] Finished [0;1;39msystemd-journal-catalog-u….service[0m - Rebuild Journal Catalog.

[[0;32m  OK  [0m] Started [0;1;39msystemd-udevd.service[0m - Ru…anager for Device Events and Files.

[[0;32m  OK  [0m] Finished [0;1;39msystemd-update-utmp.servi…[0mecord System Boot/Shutdown in UTMP.

[[0;32m  OK  [0m] Found device [0;1;39mdev-ttyS0.device[0m - /dev/ttyS0.

[[0;32m  OK  [0m] Started [0;1;39msystemd-timesyncd.service[0m - Network Time Synchronization.

[[0;32m  OK  [0m] Reached target [0;1;39mtime-set.target[0m - System Time Set.

[[0;32m  OK  [0m] Started [0;1;39msystemd-resolved.service[0m - Network Name Resolution.

[[0;32m  OK  [0m] Reached target [0;1;39mnss-lookup.target[0m - Host and Network Name Lookups.

[[0;32m  OK  [0m] Finished [0;1;39mldconfig.service[0m - Rebuild Dynamic Linker Cache.

         Starting [0;1;39msystemd-update-done.service[0m - Update is Completed...

[[0;32m  OK  [0m] Finished [0;1;39msystemd-update-done.service[0m - Update is Completed.

[[0;32m  OK  [0m] Reached target [0;1;39msysinit.target[0m - System Initialization.

[[0;32m  OK  [0m] Started [0;1;39mapt-daily.timer[0m - Daily apt download activities.

[[0;32m  OK  [0m] Started [0;1;39mapt-daily-upgrade.timer[0m - …y apt upgrade and clean activities.

[[0;32m  OK  [0m] Started [0;1;39mdpkg-db-backup.timer[0m - Daily dpkg database backup timer.

[[0;32m  OK  [0m] Started [0;1;39me2scrub_all.timer[0m - Period…Metadata Check for All Filesystems.

[[0;32m  OK  [0m] Started [0;1;39mfstrim.timer[0m - Discard unused filesystem blocks once a week.

[[0;32m  OK  [0m] Started [0;1;39mman-db.timer[0m - Daily man-db regeneration.

[[0;32m  OK  [0m] Started [0;1;39mmotd-news.timer[0m - Message of the Day.

[[0;32m  OK  [0m] Started [0;1;39msystemd-tmpfiles-clean.tim…[0my Cleanup of Temporary Directories.

[[0;32m  OK  [0m] Reached target [0;1;39mtimers.target[0m - Timer Units.

[[0;32m  OK  [0m] Listening on [0;1;39mcode-server-proxy.socket[0m - code-server proxy socket.

[[0;32m  OK  [0m] Listening on [0;1;39mdbus.socket[0m - D-Bus System Message Bus Socket.

[[0;32m  OK  [0m] Listening on [0;1;39mssh.socket[0m - OpenBSD Secure Shell server socket.

[[0;32m  OK  [0m] Reached target [0;1;39msockets.target[0m - Socket Units.

[[0;32m  OK  [0m] Reached target [0;1;39mbasic.target[0m - Basic System.

         Starting [0;1;39mdbus.service[0m - D-Bus System Message Bus...

         Starting [0;1;39me2scrub_reap.service[0m - Re…ne ext4 Metadata Check Snapshots...

[[0;32m  OK  [0m] Started [0;1;39mexaminer.service[0m - Examiner.

         Starting [0;1;39msystemd-logind.service[0m - User Login Management...

         Starting [0;1;39msystemd-user-sessions.service[0m - Permit User Sessions...

[[0;32m  OK  [0m] Started [0;1;39mdbus.service[0m - D-Bus System Message Bus.

         Starting [0;1;39mssh.service[0m - OpenBSD Secure Shell server...

[[0;32m  OK  [0m] Finished [0;1;39msystemd-user-sessions.service[0m - Permit User Sessions.

[[0;32m  OK  [0m] Started [0;1;39mgetty@tty1.service[0m - Getty on tty1.

[[0;32m  OK  [0m] Started [0;1;39mserial-getty@ttyS0.service[0m - Serial Getty on ttyS0.

[[0;32m  OK  [0m] Reached target [0;1;39mgetty.target[0m - Login Prompts.

[[0;32m  OK  [0m] Started [0;1;39mssh.service[0m - OpenBSD Secure Shell server.

[[0;32m  OK  [0m] Started [0;1;39msystemd-logind.service[0m - User Login Management.

[[0;32m  OK  [0m] Finished [0;1;39me2scrub_reap.service[0m - Re…line ext4 Metadata Check Snapshots.

[[0;32m  OK  [0m] Reached target [0;1;39mmulti-user.target[0m - Multi-User System.

[[0;32m  OK  [0m] Reached target [0;1;39mgraphical.target[0m - Graphical Interface.

         Starting [0;1;39msystemd-update-utmp-runle…[0m- Record Runlevel Change in UTMP...

[[0;32m  OK  [0m] Finished [0;1;39msystemd-update-utmp-runle…e[0m - Record Runlevel Change in UTMP.



Ubuntu 24.04.4 LTS ubuntu-01 ttyS0

ubuntu-01 login: 



laborant@ubuntu-01:~$ ps aux 
USER         PID %CPU %MEM    VSZ   RSS TTY      STAT START   TIME COMMAND
root           1  0.1  0.3  21620 12860 ?        Ss   09:35   0:01 /sbin/init
root           2  0.0  0.0      0     0 ?        S    09:35   0:00 [kthreadd]
root           3  0.0  0.0      0     0 ?        I<   09:35   0:00 [rcu_gp]
root           4  0.0  0.0      0     0 ?        I<   09:35   0:00 [rcu_par_gp]
root           5  0.0  0.0      0     0 ?        I<   09:35   0:00 [slub_flushwq]
root           6  0.0  0.0      0     0 ?        I<   09:35   0:00 [netns]
root           8  0.0  0.0      0     0 ?        I<   09:35   0:00 [kworker/0:0H-kblockd]
root          10  0.0  0.0      0     0 ?        I<   09:35   0:00 [mm_percpu_wq]
root          11  0.0  0.0      0     0 ?        I    09:35   0:00 [rcu_tasks_kthread]
root          12  0.0  0.0      0     0 ?        I    09:35   0:00 [rcu_tasks_rude_kthread]
root          13  0.0  0.0      0     0 ?        I    09:35   0:00 [rcu_tasks_trace_kthread]
root          14  0.0  0.0      0     0 ?        S    09:35   0:00 [ksoftirqd/0]
root          15  0.0  0.0      0     0 ?        I    09:35   0:00 [rcu_preempt]
root          16  0.0  0.0      0     0 ?        S    09:35   0:00 [migration/0]
root          18  0.0  0.0      0     0 ?        S    09:35   0:00 [cpuhp/0]
root          19  0.0  0.0      0     0 ?        S    09:35   0:00 [cpuhp/1]
root          20  0.0  0.0      0     0 ?        S    09:35   0:00 [migration/1]
root          21  0.0  0.0      0     0 ?        S    09:35   0:00 [ksoftirqd/1]
root          23  0.0  0.0      0     0 ?        I<   09:35   0:00 [kworker/1:0H-events_highpri]
root          25  0.0  0.0      0     0 ?        I    09:35   0:00 [kworker/u4:1-events_unbound]
root          26  0.0  0.0      0     0 ?        S    09:35   0:00 [kdevtmpfs]
root          27  0.0  0.0      0     0 ?        I<   09:35   0:00 [inet_frag_wq]
root          28  0.0  0.0      0     0 ?        S    09:35   0:00 [kauditd]
root          29  0.0  0.0      0     0 ?        S    09:35   0:00 [khungtaskd]
root          30  0.0  0.0      0     0 ?        S    09:35   0:00 [oom_reaper]
root          31  0.0  0.0      0     0 ?        I    09:35   0:00 [kworker/u4:2-events_unbound]
root          32  0.0  0.0      0     0 ?        I<   09:35   0:00 [writeback]
root          33  0.0  0.0      0     0 ?        S    09:35   0:00 [kcompactd0]
root          34  0.0  0.0      0     0 ?        SN   09:35   0:00 [ksmd]
root          35  0.0  0.0      0     0 ?        I    09:35   0:00 [kworker/1:1-events]
root          36  0.0  0.0      0     0 ?        SN   09:35   0:00 [khugepaged]
root          37  0.0  0.0      0     0 ?        I<   09:35   0:00 [kintegrityd]
root          38  0.0  0.0      0     0 ?        I<   09:35   0:00 [kblockd]
root          39  0.0  0.0      0     0 ?        I<   09:35   0:00 [blkcg_punt_bio]
root          40  0.0  0.0      0     0 ?        I<   09:35   0:00 [md]
root          41  0.0  0.0      0     0 ?        S    09:35   0:00 [watchdogd]
root          42  0.0  0.0      0     0 ?        I<   09:35   0:00 [rpciod]
root          43  0.0  0.0      0     0 ?        I<   09:35   0:00 [xprtiod]
root          44  0.0  0.0      0     0 ?        I<   09:35   0:00 [kworker/1:1H-kblockd]
root          73  0.0  0.0      0     0 ?        S    09:35   0:00 [kswapd0]
root          76  0.0  0.0      0     0 ?        I<   09:35   0:00 [nfsiod]
root          77  0.0  0.0      0     0 ?        I<   09:35   0:00 [xfsalloc]
root          78  0.0  0.0      0     0 ?        I<   09:35   0:00 [xfs_mru_cache]
root          80  0.0  0.0      0     0 ?        I<   09:35   0:00 [kthrotld]
root          84  0.0  0.0      0     0 ?        S    09:35   0:00 [irq/24-ACPI:Ged]
root          92  0.0  0.0      0     0 ?        I<   09:35   0:00 [acpi_thermal_pm]
root         128  0.0  0.0      0     0 ?        S    09:35   0:00 [hwrng]
root         149  0.0  0.0      0     0 ?        I<   09:35   0:00 [kworker/0:1H-kblockd]
root         156  0.0  0.0      0     0 ?        I<   09:35   0:00 [iscsi_conn_clea]
root         163  0.0  0.0      0     0 ?        I<   09:35   0:00 [bond0]
root         217  0.0  0.0      0     0 ?        I<   09:35   0:00 [raid5wq]
root         226  0.0  0.0      0     0 ?        I<   09:35   0:00 [mld]
root         227  0.0  0.0      0     0 ?        I<   09:35   0:00 [ipv6_addrconf]
root         238  0.0  0.0    996     4 ?        S    09:35   0:00 bpfilter_umh
root         239  0.0  0.0      0     0 ?        I<   09:35   0:00 [kstrp]
root         251  0.0  0.0      0     0 ?        I<   09:35   0:00 [zswap-shrink]
root         252  0.0  0.0      0     0 ?        I<   09:35   0:00 [kworker/u5:0]
root         333  0.0  0.0      0     0 ?        S    09:35   0:00 [jbd2/vda-8]
root         334  0.0  0.0      0     0 ?        I<   09:35   0:00 [ext4-rsv-conver]
root         356  0.0  0.4  50352 16476 ?        S<s  09:35   0:00 /usr/lib/systemd/systemd-journald
root         399  0.0  0.0      0     0 ?        I    09:35   0:00 [kworker/0:5-cgwb_release]
root         782  0.0  0.1  23972  6000 ?        Ss   09:35   0:00 /usr/lib/systemd/systemd-udevd
systemd+     789  0.0  0.2  21460 11936 ?        Ss   09:35   0:00 /usr/lib/systemd/systemd-resolved
systemd+     790  0.0  0.1  91028  6432 ?        Ssl  09:35   0:00 /usr/lib/systemd/systemd-timesyncd
root         816  0.0  0.0      0     0 ?        I<   09:35   0:00 [cryptd]
message+     850  0.0  0.1   9564  5236 ?        Ss   09:35   0:00 @dbus-daemon --system --address=systemd: --nofork --nopidfile --systemd-activat
root         852  0.0  0.3 1239628 13036 ?       Ssl  09:35   0:00 /usr/local/bin/examiner
root         855  0.0  0.2  18044  8208 ?        Ss   09:35   0:00 /usr/lib/systemd/systemd-logind
root         863  0.0  0.0   3116  1072 tty1     Ss+  09:35   0:00 /sbin/agetty -o -p -- \u --noclear - linux
root         864  0.0  0.0   3160  1072 ttyS0    Ss+  09:35   0:00 /sbin/agetty -o -p -- \u --keep-baud 115200,57600,38400,9600 - vt220
root         865  0.0  0.1  12024  8076 ?        Ss   09:35   0:00 sshd: /usr/sbin/sshd -D [listener] 0 of 10-100 startups
postgres    4143  0.0  0.8 228628 34564 ?        Ss   09:36   0:00 /usr/lib/postgresql/18/bin/postgres -D /var/lib/postgresql/18/main -c config_fi
postgres    4144  0.0  0.2 228628  8412 ?        Ss   09:36   0:00 postgres: 18/main: io worker 0
postgres    4145  0.0  0.1 228628  5900 ?        Ss   09:36   0:00 postgres: 18/main: io worker 1
postgres    4146  0.0  0.1 228628  5948 ?        Ss   09:36   0:00 postgres: 18/main: io worker 2
postgres    4147  0.0  0.2 228764  8324 ?        Ss   09:36   0:00 postgres: 18/main: checkpointer 
postgres    4148  0.0  0.1 228780  5940 ?        Ss   09:36   0:00 postgres: 18/main: background writer 
postgres    4150  0.0  0.2 228628 10588 ?        Ss   09:36   0:00 postgres: 18/main: walwriter 
postgres    4151  0.0  0.2 230204  8880 ?        Ss   09:36   0:00 postgres: 18/main: autovacuum launcher 
postgres    4152  0.0  0.1 230204  6968 ?        Ss   09:36   0:00 postgres: 18/main: logical replication launcher 
laborant    4176  0.0  1.5 1115720 62740 ?       Ssl  09:36   0:00 /usr/lib/code-server/lib/node /usr/lib/code-server --bind-addr=127.0.0.1:50062 
root        4177  0.0  0.1 164736  6456 ?        Ssl  09:36   0:00 /lib/systemd/systemd-socket-proxyd 127.0.0.1:50062
laborant    4196  0.1  4.0 11830160 164952 ?     Sl   09:36   0:01 /usr/lib/code-server/lib/node /usr/lib/code-server/out/node/entry
laborant    4229  0.0  1.5 1262704 62968 ?       Sl   09:37   0:00 /usr/lib/code-server/lib/node /usr/lib/code-server/lib/vscode/out/bootstrap-for
laborant    4244  0.5  3.3 33425008 135244 ?     Sl   09:37   0:05 /usr/lib/code-server/lib/node --dns-result-order=ipv4first /usr/lib/code-server
root        5328  0.0  0.0      0     0 ?        I    09:42   0:00 [kworker/1:0-virtio_vsock]
root        5329  0.0  0.0      0     0 ?        I    09:42   0:00 [kworker/0:0-events]
root        6613  0.0  0.0      0     0 ?        I    09:49   0:00 [kworker/u4:0-writeback]
root        6626  0.0  0.2  14780 10208 ?        Ss   09:49   0:00 sshd: laborant [priv]
laborant    6630  0.0  0.2  20072 11212 ?        Ss   09:49   0:00 /usr/lib/systemd/systemd --user
laborant    6631  0.0  0.0  21152  1724 ?        S    09:49   0:00 (sd-pam)
root        6637  0.0  0.0      0     0 ?        I    09:49   0:00 [kworker/1:2-cgroup_free]
laborant    6645  0.0  0.1  14940  6292 ?        S    09:49   0:00 sshd: laborant@pts/0
laborant    6646  0.0  0.2   9024  8324 pts/0    Ss   09:49   0:00 -bash
root        6846  0.0  0.0      0     0 ?        I    09:50   0:00 [kworker/u4:3-flush-253:0]
laborant    7395  0.0  0.1   8332  4384 pts/0    R+   09:53   0:00 ps aux
laborant@ubuntu-01:~$ ps aux | grep postgresql
postgres    4143  0.0  0.8 228628 34564 ?        Ss   09:36   0:00 /usr/lib/postgresql/18/bin/postgres -D /var/lib/postgresql/18/main -c config_file=/etc/postgresql/18/main/postgresql.conf
laborant    7409  0.0  0.0   4092  2008 pts/0    S+   09:53   0:00 grep --color=auto postgresql
laborant@ubuntu-01:~$ ps aux | grep postgres
postgres    4143  0.0  0.8 228628 34564 ?        Ss   09:36   0:00 /usr/lib/postgresql/18/bin/postgres -D /var/lib/postgresql/18/main -c config_file=/etc/postgresql/18/main/postgresql.conf
postgres    4144  0.0  0.2 228628  8412 ?        Ss   09:36   0:00 postgres: 18/main: io worker 0
postgres    4145  0.0  0.1 228628  5900 ?        Ss   09:36   0:00 postgres: 18/main: io worker 1
postgres    4146  0.0  0.1 228628  5948 ?        Ss   09:36   0:00 postgres: 18/main: io worker 2
postgres    4147  0.0  0.2 228764  8324 ?        Ss   09:36   0:00 postgres: 18/main: checkpointer 
postgres    4148  0.0  0.1 228780  5940 ?        Ss   09:36   0:00 postgres: 18/main: background writer 
postgres    4150  0.0  0.2 228628 10588 ?        Ss   09:36   0:00 postgres: 18/main: walwriter 
postgres    4151  0.0  0.2 230204  8880 ?        Ss   09:36   0:00 postgres: 18/main: autovacuum launcher 
postgres    4152  0.0  0.1 230204  6968 ?        Ss   09:36   0:00 postgres: 18/main: logical replication launcher 
laborant    7417  0.0  0.0   4092  2024 pts/0    S+   09:53   0:00 grep --color=auto postgres
laborant@ubuntu-01:~$ p
Display all 104 possibilities? (y or n)
laborant@ubuntu-01:~$ pg
pg_archivecleanup  pg_conftool        pg_dump            pg_receivewal      pg_restore         pg_virtualenv      
pg_backupcluster   pg_createcluster   pg_dumpall         pg_receivexlog     pg_restorecluster  pgbench            
pg_basebackup      pg_ctlcluster      pg_isready         pg_recvlogical     pg_updatedicts     pgrep              
pg_config          pg_dropcluster     pg_lsclusters      pg_renamecluster   pg_upgradecluster  
laborant@ubuntu-01:~$ pg
pg_archivecleanup  pg_conftool        pg_dump            pg_receivewal      pg_restore         pg_virtualenv      
pg_backupcluster   pg_createcluster   pg_dumpall         pg_receivexlog     pg_restorecluster  pgbench            
pg_basebackup      pg_ctlcluster      pg_isready         pg_recvlogical     pg_updatedicts     pgrep              
pg_config          pg_dropcluster     pg_lsclusters      pg_renamecluster   pg_upgradecluster  
laborant@ubuntu-01:~$ pg_ctl
-bash: pg_ctl: command not found
laborant@ubuntu-01:~$ which pg_createcluster 
/usr/bin/pg_createcluster
laborant@ubuntu-01:~$ ls -al $(which pg_createcluster)
-rwxr-xr-x 1 root root 35536 Feb 11 10:10 /usr/bin/pg_createcluster
laborant@ubuntu-01:~$ ls -al $(which pg_ctl)
total 60
drwxr-x---  8 laborant laborant 4096 Feb 16 09:35 .
drwxr-xr-x  4 root     root     4096 Feb 10 12:28 ..
-rw-r--r--  1 laborant laborant  220 Feb 10 12:28 .bash_logout
-rw-r--r--  1 laborant laborant 4609 Feb 10 12:29 .bashrc
drwxr-xr-x  4 laborant laborant 4096 Feb 16 09:36 .cache
drwxr-xr-x  3 laborant laborant 4096 Feb 10 12:28 .config
drwxr-xr-x 11 laborant laborant 4096 Feb 10 12:28 .fzf
-rw-r--r--  1 laborant laborant  153 Feb 10 12:28 .fzf.bash
-rw-r--r--  1 laborant laborant   88 Feb 10 12:29 .gitconfig
drwxr-xr-x  3 laborant laborant 4096 Feb 10 12:28 .local
-rw-r--r--  1 laborant laborant  807 Feb 10 12:28 .profile
lrwxrwxrwx  1 laborant laborant    1 Feb 10 12:28 .rootfs -> /
drwx------  2 laborant laborant 4096 Feb 16 09:35 .ssh
-rw-r--r--  1 laborant laborant    0 Feb 10 12:28 .sudo_as_admin_successful
drwxr-xr-x  3 laborant laborant 4096 Feb 10 12:28 .vim
-rw-r--r--  1 laborant laborant 1128 Feb 10 12:29 .vimrc
laborant@ubuntu-01:~$ ls -al
total 60
drwxr-x---  8 laborant laborant 4096 Feb 16 09:35 .
drwxr-xr-x  4 root     root     4096 Feb 10 12:28 ..
-rw-r--r--  1 laborant laborant  220 Feb 10 12:28 .bash_logout
-rw-r--r--  1 laborant laborant 4609 Feb 10 12:29 .bashrc
drwxr-xr-x  4 laborant laborant 4096 Feb 16 09:36 .cache
drwxr-xr-x  3 laborant laborant 4096 Feb 10 12:28 .config
drwxr-xr-x 11 laborant laborant 4096 Feb 10 12:28 .fzf
-rw-r--r--  1 laborant laborant  153 Feb 10 12:28 .fzf.bash
-rw-r--r--  1 laborant laborant   88 Feb 10 12:29 .gitconfig
drwxr-xr-x  3 laborant laborant 4096 Feb 10 12:28 .local
-rw-r--r--  1 laborant laborant  807 Feb 10 12:28 .profile
lrwxrwxrwx  1 laborant laborant    1 Feb 10 12:28 .rootfs -> /
drwx------  2 laborant laborant 4096 Feb 16 09:35 .ssh
-rw-r--r--  1 laborant laborant    0 Feb 10 12:28 .sudo_as_admin_successful
drwxr-xr-x  3 laborant laborant 4096 Feb 10 12:28 .vim
-rw-r--r--  1 laborant laborant 1128 Feb 10 12:29 .vimrc
laborant@ubuntu-01:~$ which pg_ctl
laborant@ubuntu-01:~$ echo $?
1
laborant@ubuntu-01:~$ ls /usr/lib/postgresql/18/bin/
clusterdb   dropuser    pg_archivecleanup  pg_config            pg_dump        pg_recvlogical  pg_test_fsync    pg_waldump     psql
createdb    initdb      pg_basebackup      pg_controldata       pg_dumpall     pg_resetwal     pg_test_timing   pg_walsummary  reindexdb
createuser  oid2name    pg_checksums       pg_createsubscriber  pg_isready     pg_restore      pg_upgrade       pgbench        vacuumdb
dropdb      pg_amcheck  pg_combinebackup   pg_ctl               pg_receivewal  pg_rewind       pg_verifybackup  postgres       vacuumlo
laborant@ubuntu-01:~$ ls /usr/lib/postgresql/18/bin/pg_c
pg_checksums         pg_combinebackup     pg_config            pg_controldata       pg_createsubscriber  pg_ctl
laborant@ubuntu-01:~$ ls /usr/lib/postgresql/18/bin/pg_c
pg_checksums         pg_combinebackup     pg_config            pg_controldata       pg_createsubscriber  pg_ctl
laborant@ubuntu-01:~$ ls /usr/lib/postgresql/18/bin/pg_ctl 
/usr/lib/postgresql/18/bin/pg_ctl
laborant@ubuntu-01:~$ less /usr/lib/postgresql/18/bin/pg_ctl 
"/usr/lib/postgresql/18/bin/pg_ctl" may be a binary file.  See it anyway? 
laborant@ubuntu-01:~$ less /usr/lib/postgresql/18/bin/postgres 
"/usr/lib/postgresql/18/bin/postgres" may be a binary file.  See it anyway? 
laborant@ubuntu-01:~$ file /usr/lib/postgresql/18/bin/postgres 
/usr/lib/postgresql/18/bin/postgres: ELF 64-bit LSB pie executable, x86-64, version 1 (SYSV), dynamically linked, interpreter /lib64/ld-linux-x86-64.so.2, BuildID[sha1]=203fe5613915c6fe86f8be845a26191aba7aa181, for GNU/Linux 3.2.0, stripped
laborant@ubuntu-01:~$ ls -al /usr/lib/postgresql/18/bin/
total 15396
drwxr-xr-x 2 root root     4096 Feb 16 09:36 .
drwxr-xr-x 4 root root     4096 Feb 16 09:36 ..
-rwxr-xr-x 1 root root    80696 Feb 10 10:26 clusterdb
-rwxr-xr-x 1 root root    76824 Feb 10 10:26 createdb
-rwxr-xr-x 1 root root    81240 Feb 10 10:26 createuser
-rwxr-xr-x 1 root root    68344 Feb 10 10:26 dropdb
-rwxr-xr-x 1 root root    68280 Feb 10 10:26 dropuser
-rwxr-xr-x 1 root root   122592 Feb 10 10:26 initdb
-rwxr-xr-x 1 root root    43400 Feb 10 10:26 oid2name
-rwxr-xr-x 1 root root   106072 Feb 10 10:26 pg_amcheck
-rwxr-xr-x 1 root root    39400 Feb 10 10:26 pg_archivecleanup
-rwxr-xr-x 1 root root   138816 Feb 10 10:26 pg_basebackup
-rwxr-xr-x 1 root root    56056 Feb 10 10:26 pg_checksums
-rwxr-xr-x 1 root root   134040 Feb 10 10:26 pg_combinebackup
-rwxr-xr-x 1 root root    39304 Feb 10 10:26 pg_config
-rwxr-xr-x 1 root root    51624 Feb 10 10:26 pg_controldata
-rwxr-xr-x 1 root root    84936 Feb 10 10:26 pg_createsubscriber
-rwxr-xr-x 1 root root    68360 Feb 10 10:26 pg_ctl
-rwxr-xr-x 1 root root   467824 Feb 10 10:26 pg_dump
-rwxr-xr-x 1 root root   123040 Feb 10 10:26 pg_dumpall
-rwxr-xr-x 1 root root    35448 Feb 10 10:26 pg_isready
-rwxr-xr-x 1 root root    93240 Feb 10 10:26 pg_receivewal
-rwxr-xr-x 1 root root    56504 Feb 10 10:26 pg_recvlogical
-rwxr-xr-x 1 root root    60200 Feb 10 10:26 pg_resetwal
-rwxr-xr-x 1 root root   204864 Feb 10 10:26 pg_restore
-rwxr-xr-x 1 root root   117688 Feb 10 10:26 pg_rewind
-rwxr-xr-x 1 root root    39344 Feb 10 10:26 pg_test_fsync
-rwxr-xr-x 1 root root    31112 Feb 10 10:26 pg_test_timing
-rwxr-xr-x 1 root root   188104 Feb 10 10:26 pg_upgrade
-rwxr-xr-x 1 root root   117536 Feb 10 10:26 pg_verifybackup
-rwxr-xr-x 1 root root   105496 Feb 10 10:26 pg_waldump
-rwxr-xr-x 1 root root    47640 Feb 10 10:26 pg_walsummary
-rwxr-xr-x 1 root root   167768 Feb 10 10:26 pgbench
-rwxr-xr-x 1 root root 11413888 Feb 10 10:26 postgres
-rwxr-xr-x 1 root root   958040 Feb 10 10:26 psql
-rwxr-xr-x 1 root root    89080 Feb 10 10:26 reindexdb
-rwxr-xr-x 1 root root    93624 Feb 10 10:26 vacuumdb
-rwxr-xr-x 1 root root    39592 Feb 10 10:26 vacuumlo
laborant@ubuntu-01:~$ /usr/lib/postgresql/18/bin/postgres -h
/usr/lib/postgresql/18/bin/postgres: option requires an argument -- 'h'
Try "postgres --help" for more information.
laborant@ubuntu-01:~$ /usr/lib/postgresql/18/bin/postgres --help
postgres is the PostgreSQL server.

Usage:
  postgres [OPTION]...

Options:
  -B NBUFFERS        number of shared buffers
  -c NAME=VALUE      set run-time parameter
  -C NAME            print value of run-time parameter, then exit
  -d 1-5             debugging level
  -D DATADIR         database directory
  -e                 use European date input format (DMY)
  -F                 turn fsync off
  -h HOSTNAME        host name or IP address to listen on
  -i                 enable TCP/IP connections (deprecated)
  -k DIRECTORY       Unix-domain socket location
  -l                 enable SSL connections
  -N MAX-CONNECT     maximum number of allowed connections
  -p PORT            port number to listen on
  -s                 show statistics after each query
  -S WORK-MEM        set amount of memory for sorts (in kB)
  -V, --version      output version information, then exit
  --NAME=VALUE       set run-time parameter
  --describe-config  describe configuration parameters, then exit
  -?, --help         show this help, then exit

Developer options:
  -f s|i|o|b|t|n|m|h forbid use of some plan types
  -O                 allow system table structure changes
  -P                 disable system indexes
  -t pa|pl|ex        show timings after each query
  -T                 send SIGABRT to all backend processes if one dies
  -W NUM             wait NUM seconds to allow attach from a debugger

Options for single-user mode:
  --single           selects single-user mode (must be first argument)
  DBNAME             database name (defaults to user name)
  -d 0-5             override debugging level
  -E                 echo statement before execution
  -j                 do not use newline as interactive query delimiter
  -r FILENAME        send stdout and stderr to given file

Options for bootstrapping mode:
  --boot             selects bootstrapping mode (must be first argument)
  --check            selects check mode (must be first argument)
  DBNAME             database name (mandatory argument in bootstrapping mode)
  -r FILENAME        send stdout and stderr to given file

Please read the documentation for the complete list of run-time
configuration settings and how to set them on the command line or in
the configuration file.

Report bugs to <pgsql-bugs@lists.postgresql.org>.
PostgreSQL home page: <https://www.postgresql.org/>
laborant@ubuntu-01:~$ /usr/lib/postgresql/18/bin/pg_ctl --help
pg_ctl is a utility to initialize, start, stop, or control a PostgreSQL server.

Usage:
  pg_ctl init[db]   [-D DATADIR] [-s] [-o OPTIONS]
  pg_ctl start      [-D DATADIR] [-l FILENAME] [-W] [-t SECS] [-s]
                    [-o OPTIONS] [-p PATH] [-c]
  pg_ctl stop       [-D DATADIR] [-m SHUTDOWN-MODE] [-W] [-t SECS] [-s]
  pg_ctl restart    [-D DATADIR] [-m SHUTDOWN-MODE] [-W] [-t SECS] [-s]
                    [-o OPTIONS] [-c]
  pg_ctl reload     [-D DATADIR] [-s]
  pg_ctl status     [-D DATADIR]
  pg_ctl promote    [-D DATADIR] [-W] [-t SECS] [-s]
  pg_ctl logrotate  [-D DATADIR] [-s]
  pg_ctl kill       SIGNALNAME PID

Common options:
  -D, --pgdata=DATADIR   location of the database storage area
  -s, --silent           only print errors, no informational messages
  -t, --timeout=SECS     seconds to wait when using -w option
  -V, --version          output version information, then exit
  -w, --wait             wait until operation completes (default)
  -W, --no-wait          do not wait until operation completes
  -?, --help             show this help, then exit
If the -D option is omitted, the environment variable PGDATA is used.

Options for start or restart:
  -c, --core-files       allow postgres to produce core files
  -l, --log=FILENAME     write (or append) server log to FILENAME
  -o, --options=OPTIONS  command line options to pass to postgres
                         (PostgreSQL server executable) or initdb
  -p PATH-TO-POSTGRES    normally not necessary

Options for stop or restart:
  -m, --mode=MODE        MODE can be "smart", "fast", or "immediate"

Shutdown modes are:
  smart       quit after all clients have disconnected
  fast        quit directly, with proper shutdown (default)
  immediate   quit without complete shutdown; will lead to recovery on restart

Allowed signal names for kill:
  ABRT HUP INT KILL QUIT TERM USR1 USR2

Report bugs to <pgsql-bugs@lists.postgresql.org>.
PostgreSQL home page: <https://www.postgresql.org/>
laborant@ubuntu-01:~$ 

---

laborant@ubuntu-01:~$ pgsql
-bash: pgsql: command not found
laborant@ubuntu-01:~$ psql
psql: error: connection to server on socket "/var/run/postgresql/.s.PGSQL.5432" failed: FATAL:  role "laborant" does not exist
laborant@ubuntu-01:~$ psql -u root
/usr/lib/postgresql/18/bin/psql: invalid option -- 'u'
psql: hint: Try "psql --help" for more information.
laborant@ubuntu-01:~$ psql --help
psql is the PostgreSQL interactive terminal.

Usage:
  psql [OPTION]... [DBNAME [USERNAME]]

General options:
  -c, --command=COMMAND    run only single command (SQL or internal) and exit
  -d, --dbname=DBNAME      database name to connect to
  -f, --file=FILENAME      execute commands from file, then exit
  -l, --list               list available databases, then exit
  -v, --set=, --variable=NAME=VALUE
                           set psql variable NAME to VALUE
                           (e.g., -v ON_ERROR_STOP=1)
  -V, --version            output version information, then exit
  -X, --no-psqlrc          do not read startup file (~/.psqlrc)
  -1 ("one"), --single-transaction
                           execute as a single transaction (if non-interactive)
  -?, --help[=options]     show this help, then exit
      --help=commands      list backslash commands, then exit
      --help=variables     list special variables, then exit

Input and output options:
  -a, --echo-all           echo all input from script
  -b, --echo-errors        echo failed commands
  -e, --echo-queries       echo commands sent to server
  -E, --echo-hidden        display queries that internal commands generate
  -L, --log-file=FILENAME  send session log to file
  -n, --no-readline        disable enhanced command line editing (readline)
  -o, --output=FILENAME    send query results to file (or |pipe)
  -q, --quiet              run quietly (no messages, only query output)
  -s, --single-step        single-step mode (confirm each query)
  -S, --single-line        single-line mode (end of line terminates SQL command)

Output format options:
  -A, --no-align           unaligned table output mode
      --csv                CSV (Comma-Separated Values) table output mode
  -F, --field-separator=STRING
                           field separator for unaligned output (default: "|")
  -H, --html               HTML table output mode
  -P, --pset=VAR[=ARG]     set printing option VAR to ARG (see \pset command)
  -R, --record-separator=STRING
                           record separator for unaligned output (default: newline)
  -t, --tuples-only        print rows only
  -T, --table-attr=TEXT    set HTML table tag attributes (e.g., width, border)
  -x, --expanded           turn on expanded table output
  -z, --field-separator-zero
                           set field separator for unaligned output to zero byte
  -0, --record-separator-zero
                           set record separator for unaligned output to zero byte

Connection options:
  -h, --host=HOSTNAME      database server host or socket directory
  -p, --port=PORT          database server port
  -U, --username=USERNAME  database user name
  -w, --no-password        never prompt for password
  -W, --password           force password prompt (should happen automatically)

For more information, type "\?" (for internal commands) or "\help" (for SQL
commands) from within psql, or consult the psql section in the PostgreSQL
documentation.

Report bugs to <pgsql-bugs@lists.postgresql.org>.
PostgreSQL home page: <https://www.postgresql.org/>
laborant@ubuntu-01:~$ psql -U root
psql: error: connection to server on socket "/var/run/postgresql/.s.PGSQL.5432" failed: FATAL:  Peer authentication failed for user "root"
laborant@ubuntu-01:~$ ps aux
USER         PID %CPU %MEM    VSZ   RSS TTY      STAT START   TIME COMMAND
root           1  0.1  0.3  21620 12860 ?        Ss   09:35   0:01 /sbin/init
root           2  0.0  0.0      0     0 ?        S    09:35   0:00 [kthreadd]
root           3  0.0  0.0      0     0 ?        I<   09:35   0:00 [rcu_gp]
root           4  0.0  0.0      0     0 ?        I<   09:35   0:00 [rcu_par_gp]
root           5  0.0  0.0      0     0 ?        I<   09:35   0:00 [slub_flushwq]
root           6  0.0  0.0      0     0 ?        I<   09:35   0:00 [netns]
root           8  0.0  0.0      0     0 ?        I<   09:35   0:00 [kworker/0:0H-kblockd]
root          10  0.0  0.0      0     0 ?        I<   09:35   0:00 [mm_percpu_wq]
root          11  0.0  0.0      0     0 ?        I    09:35   0:00 [rcu_tasks_kthread]
root          12  0.0  0.0      0     0 ?        I    09:35   0:00 [rcu_tasks_rude_kthread]
root          13  0.0  0.0      0     0 ?        I    09:35   0:00 [rcu_tasks_trace_kthread]
root          14  0.0  0.0      0     0 ?        S    09:35   0:00 [ksoftirqd/0]
root          15  0.0  0.0      0     0 ?        I    09:35   0:00 [rcu_preempt]
root          16  0.0  0.0      0     0 ?        S    09:35   0:00 [migration/0]
root          18  0.0  0.0      0     0 ?        S    09:35   0:00 [cpuhp/0]
root          19  0.0  0.0      0     0 ?        S    09:35   0:00 [cpuhp/1]
root          20  0.0  0.0      0     0 ?        S    09:35   0:00 [migration/1]
root          21  0.0  0.0      0     0 ?        S    09:35   0:00 [ksoftirqd/1]
root          23  0.0  0.0      0     0 ?        I<   09:35   0:00 [kworker/1:0H-events_highpri]
root          26  0.0  0.0      0     0 ?        S    09:35   0:00 [kdevtmpfs]
root          27  0.0  0.0      0     0 ?        I<   09:35   0:00 [inet_frag_wq]
root          28  0.0  0.0      0     0 ?        S    09:35   0:00 [kauditd]
root          29  0.0  0.0      0     0 ?        S    09:35   0:00 [khungtaskd]
root          30  0.0  0.0      0     0 ?        S    09:35   0:00 [oom_reaper]
root          31  0.0  0.0      0     0 ?        I    09:35   0:00 [kworker/u4:2-events_unbound]
root          32  0.0  0.0      0     0 ?        I<   09:35   0:00 [writeback]
root          33  0.0  0.0      0     0 ?        S    09:35   0:00 [kcompactd0]
root          34  0.0  0.0      0     0 ?        SN   09:35   0:00 [ksmd]
root          36  0.0  0.0      0     0 ?        SN   09:35   0:00 [khugepaged]
root          37  0.0  0.0      0     0 ?        I<   09:35   0:00 [kintegrityd]
root          38  0.0  0.0      0     0 ?        I<   09:35   0:00 [kblockd]
root          39  0.0  0.0      0     0 ?        I<   09:35   0:00 [blkcg_punt_bio]
root          40  0.0  0.0      0     0 ?        I<   09:35   0:00 [md]
root          41  0.0  0.0      0     0 ?        S    09:35   0:00 [watchdogd]
root          42  0.0  0.0      0     0 ?        I<   09:35   0:00 [rpciod]
root          43  0.0  0.0      0     0 ?        I<   09:35   0:00 [xprtiod]
root          44  0.0  0.0      0     0 ?        I<   09:35   0:00 [kworker/1:1H-kblockd]
root          73  0.0  0.0      0     0 ?        S    09:35   0:00 [kswapd0]
root          76  0.0  0.0      0     0 ?        I<   09:35   0:00 [nfsiod]
root          77  0.0  0.0      0     0 ?        I<   09:35   0:00 [xfsalloc]
root          78  0.0  0.0      0     0 ?        I<   09:35   0:00 [xfs_mru_cache]
root          80  0.0  0.0      0     0 ?        I<   09:35   0:00 [kthrotld]
root          84  0.0  0.0      0     0 ?        S    09:35   0:00 [irq/24-ACPI:Ged]
root          92  0.0  0.0      0     0 ?        I<   09:35   0:00 [acpi_thermal_pm]
root         128  0.0  0.0      0     0 ?        S    09:35   0:00 [hwrng]
root         149  0.0  0.0      0     0 ?        I<   09:35   0:00 [kworker/0:1H-kblockd]
root         156  0.0  0.0      0     0 ?        I<   09:35   0:00 [iscsi_conn_clea]
root         163  0.0  0.0      0     0 ?        I<   09:35   0:00 [bond0]
root         217  0.0  0.0      0     0 ?        I<   09:35   0:00 [raid5wq]
root         226  0.0  0.0      0     0 ?        I<   09:35   0:00 [mld]
root         227  0.0  0.0      0     0 ?        I<   09:35   0:00 [ipv6_addrconf]
root         238  0.0  0.0    996     4 ?        S    09:35   0:00 bpfilter_umh
root         239  0.0  0.0      0     0 ?        I<   09:35   0:00 [kstrp]
root         251  0.0  0.0      0     0 ?        I<   09:35   0:00 [zswap-shrink]
root         252  0.0  0.0      0     0 ?        I<   09:35   0:00 [kworker/u5:0]
root         333  0.0  0.0      0     0 ?        S    09:35   0:00 [jbd2/vda-8]
root         334  0.0  0.0      0     0 ?        I<   09:35   0:00 [ext4-rsv-conver]
root         356  0.0  0.4  50352 16476 ?        S<s  09:35   0:00 /usr/lib/systemd/systemd-journald
root         399  0.0  0.0      0     0 ?        I    09:35   0:00 [kworker/0:5-cgwb_release]
root         782  0.0  0.1  23972  6000 ?        Ss   09:35   0:00 /usr/lib/systemd/systemd-udevd
systemd+     789  0.0  0.2  21460 11936 ?        Ss   09:35   0:00 /usr/lib/systemd/systemd-resolved
systemd+     790  0.0  0.1  91028  6432 ?        Ssl  09:35   0:00 /usr/lib/systemd/systemd-timesyncd
root         816  0.0  0.0      0     0 ?        I<   09:35   0:00 [cryptd]
message+     850  0.0  0.1   9564  5236 ?        Ss   09:35   0:00 @dbus-daemon --system --address=systemd: --nofork --nopidfile --systemd-activat
root         852  0.0  0.3 1239628 13688 ?       Ssl  09:35   0:00 /usr/local/bin/examiner
root         855  0.0  0.2  18044  8208 ?        Ss   09:35   0:00 /usr/lib/systemd/systemd-logind
root         863  0.0  0.0   3116  1072 tty1     Ss+  09:35   0:00 /sbin/agetty -o -p -- \u --noclear - linux
root         864  0.0  0.0   3160  1072 ttyS0    Ss+  09:35   0:00 /sbin/agetty -o -p -- \u --keep-baud 115200,57600,38400,9600 - vt220
root         865  0.0  0.1  12024  8076 ?        Ss   09:35   0:00 sshd: /usr/sbin/sshd -D [listener] 0 of 10-100 startups
postgres    4143  0.0  0.8 228628 34564 ?        Ss   09:36   0:00 /usr/lib/postgresql/18/bin/postgres -D /var/lib/postgresql/18/main -c config_fi
postgres    4144  0.0  0.2 228628  8412 ?        Ss   09:36   0:00 postgres: 18/main: io worker 0
postgres    4145  0.0  0.1 228628  5900 ?        Ss   09:36   0:00 postgres: 18/main: io worker 1
postgres    4146  0.0  0.1 228628  5948 ?        Ss   09:36   0:00 postgres: 18/main: io worker 2
postgres    4147  0.0  0.2 228764  8324 ?        Ss   09:36   0:00 postgres: 18/main: checkpointer 
postgres    4148  0.0  0.1 228780  5940 ?        Ss   09:36   0:00 postgres: 18/main: background writer 
postgres    4150  0.0  0.2 228628 10588 ?        Ss   09:36   0:00 postgres: 18/main: walwriter 
postgres    4151  0.0  0.2 230204  8880 ?        Ss   09:36   0:00 postgres: 18/main: autovacuum launcher 
postgres    4152  0.0  0.1 230204  6968 ?        Ss   09:36   0:00 postgres: 18/main: logical replication launcher 
laborant    4176  0.0  1.5 1115720 62740 ?       Ssl  09:36   0:00 /usr/lib/code-server/lib/node /usr/lib/code-server --bind-addr=127.0.0.1:50062 
root        4177  0.0  0.1 164736  6456 ?        Ssl  09:36   0:00 /lib/systemd/systemd-socket-proxyd 127.0.0.1:50062
laborant    4196  0.1  4.0 11830160 165080 ?     Sl   09:36   0:02 /usr/lib/code-server/lib/node /usr/lib/code-server/out/node/entry
laborant    4229  0.0  1.5 1262704 63664 ?       Sl   09:37   0:00 /usr/lib/code-server/lib/node /usr/lib/code-server/lib/vscode/out/bootstrap-for
